<html>
<body>
<pre>
<h1>礦ision Build Log</h1>
<h2>Tool Versions:</h2>
IDE-Version: μVision V5.31.0.0
Copyright (C) 2020 ARM Ltd and ARM Germany GmbH. All rights reserved.
License Information:  ,  , LIC=47GU5-GV1A0-RAYDM-X74IR-KPD11-R0ZPC
 
Tool Versions:
Toolchain:       MDK-ARM Plus  Version: 5.31.0.0
Toolchain Path:  D:\keil\ARM\ARMCC\Bin
C Compiler:      Armcc.exe V5.06 update 6 (build 750)
Assembler:       Armasm.exe V5.06 update 6 (build 750)
Linker/Locator:  ArmLink.exe V5.06 update 6 (build 750)
Library Manager: ArmAr.exe V5.06 update 6 (build 750)
Hex Converter:   FromElf.exe V5.06 update 6 (build 750)
CPU DLL:         SARMCM3.DLL V5.31.0.0
Dialog DLL:      DCM.DLL V1.17.3.0
Target DLL:      CMSIS_AGDI.dll V1.32.6.0
Dialog DLL:      TCM.DLL V1.46.0.0
 
<h2>Project:</h2>
F:\Git_repository\nuedc_project\Project1\Software\STM32F407ZGT6_BSP\F407BSP\MDK-ARM\F407BSP.uvprojx
Project File Date:  07/26/2021

<h2>Output:</h2>
*** Using Compiler 'V5.06 update 6 (build 750)', folder: 'D:\keil\ARM\ARMCC\Bin'
Rebuild target 'F407BSP'
assembling startup_stm32f407xx.s...
compiling lcd.c...
compiling ltdc.c...
compiling i2c.c...
compiling pwmout.c...
../Core/Inc/pwmout.h(24): warning:  #1-D: last line of file ends without a newline
  #endif
..\Core\Src\pwmout.c: 1 warning, 0 errors
compiling mpu9250.c...
compiling gpio.c...
compiling usart.c...
compiling hmc5883l.c...
..\Core\Src\hmc5883l.c(88): warning:  #1035-D: single-precision operand implicitly converted to double-precision
  	Curent_Angle = ((float)atan2(Y,X) * (180.0f / PI) + 180.0f); //计算实际水平角度
..\Core\Src\hmc5883l.c(79): warning:  #550-D: variable "Z"  was set but never used
  	int x,y,z,X,Y,Z;
..\Core\Src\hmc5883l.c: 2 warnings, 0 errors
compiling stm32f4xx_hal_msp.c...
compiling stm32f4xx_it.c...
compiling main.c...
../Core/Inc/encoder.h(6): warning:  #815-D: type qualifier on return type is meaningless
  volatile uint8_t Encoder_GetDirection(void);
../Core/Inc/encoder.h(7): warning:  #815-D: type qualifier on return type is meaningless
  volatile float Encoder_Get_Angle(void);
../Core/Inc/pwmout.h(24): warning:  #1-D: last line of file ends without a newline
  #endif
../Core/Src/main.c: 3 warnings, 0 errors
compiling tim.c...
compiling spi.c...
compiling encoder.c...
../Core/Inc/encoder.h(6): warning:  #815-D: type qualifier on return type is meaningless
  volatile uint8_t Encoder_GetDirection(void);
../Core/Inc/encoder.h(7): warning:  #815-D: type qualifier on return type is meaningless
  volatile float Encoder_Get_Angle(void);
..\Core\Src\encoder.c(14): warning:  #815-D: type qualifier on return type is meaningless
  volatile uint8_t Encoder_GetDirection(void)
..\Core\Src\encoder.c(30): warning:  #815-D: type qualifier on return type is meaningless
  volatile float Encoder_Get_Angle(void)
..\Core\Src\encoder.c: 4 warnings, 0 errors
compiling stm32f4xx_hal_i2c_ex.c...
compiling stm32f4xx_hal_pwr_ex.c...
compiling stm32f4xx_hal_flash_ex.c...
compiling stm32f4xx_hal_flash.c...
compiling stm32f4xx_hal_dma_ex.c...
compiling stm32f4xx_hal_flash_ramfunc.c...
compiling stm32f4xx_hal_dma.c...
compiling stm32f4xx_hal_rcc_ex.c...
compiling stm32f4xx_hal_gpio.c...
compiling stm32f4xx_hal_pwr.c...
compiling stm32f4xx_hal_rcc.c...
compiling stm32f4xx_hal_i2c.c...
compiling stm32f4xx_hal_cortex.c...
compiling stm32f4xx_hal.c...
compiling stm32f4xx_hal_exti.c...
compiling system_stm32f4xx.c...
compiling stm32f4xx_hal_uart.c...
compiling stm32f4xx_hal_tim_ex.c...
compiling stm32f4xx_hal_spi.c...
compiling stm32f4xx_hal_tim.c...
linking...
Program Size: Code=10494 RO-data=450 RW-data=32 ZI-data=1672  
FromELF: creating hex file...
"F407BSP\F407BSP.axf" - 0 Error(s), 10 Warning(s).

<h2>Software Packages used:</h2>

Package Vendor: ARM
                http://www.keil.com/pack/ARM.CMSIS.5.8.0.pack
                ARM.CMSIS.5.8.0
                CMSIS (Common Microcontroller Software Interface Standard)
   * Component: CORE Version: 5.5.0

Package Vendor: Keil
                http://www.keil.com/pack/Keil.STM32F4xx_DFP.2.15.0.pack
                Keil.STM32F4xx_DFP.2.15.0
                STMicroelectronics STM32F4 Series Device Support, Drivers and Examples

<h2>Collection of Component include folders:</h2>
  .\RTE\_F407BSP
  D:\keil\ARM\PACK\ARM\CMSIS\5.8.0\CMSIS\Core\Include
  D:\keil\ARM\PACK\Keil\STM32F4xx_DFP\2.15.0\Drivers\CMSIS\Device\ST\STM32F4xx\Include

<h2>Collection of Component Files used:</h2>

   * Component: ARM::CMSIS:CORE:5.5.0
      Include file:  CMSIS\Core\Include\tz_context.h
Build Time Elapsed:  00:00:11
</pre>
</body>
</html>
