<html>
<body>
<pre>
<h1>µVision Build Log</h1>
<h2>Tool Versions:</h2>
IDE-Version: ¦ÌVision V5.31.0.0
Copyright (C) 2020 ARM Ltd and ARM Germany GmbH. All rights reserved.
License Information:  ,  , LIC=47GU5-GV1A0-RAYDM-X74IR-KPD11-R0ZPC
 
Tool Versions:
Toolchain:       MDK-ARM Plus  Version: 5.31.0.0
Toolchain Path:  D:\keil\ARM\ARMCC\Bin
C Compiler:      Armcc.exe V5.06 update 6 (build 750)
Assembler:       Armasm.exe V5.06 update 6 (build 750)
Linker/Locator:  ArmLink.exe V5.06 update 6 (build 750)
Library Manager: ArmAr.exe V5.06 update 6 (build 750)
Hex Converter:   FromElf.exe V5.06 update 6 (build 750)
CPU DLL:         SARMCM3.DLL V5.31.0.0
Dialog DLL:      DCM.DLL V1.17.3.0
Target DLL:      UL2CM3.DLL V1.163.4.0
Dialog DLL:      TCM.DLL V1.46.0.0
 
<h2>Project:</h2>
F:\Git_repository\nuedc_project\Project3\Software\stm32f407\USER\new_project.uvprojx
Project File Date:  11/29/2021

<h2>Output:</h2>
*** Using Compiler 'V5.06 update 6 (build 750)', folder: 'D:\keil\ARM\ARMCC\Bin'
Rebuild target 'stm32f4xx_new_project'
assembling startup_stm32f40_41xxx.s...
compiling exti.c...
compiling stm32f4xx_usart.c...
compiling misc.c...
compiling mpu9250.c...
compiling led.c...
compiling stm32f4xx_gpio.c...
compiling motion.c...
..\HARDWARE\Motion\motion.c(38): warning:  #550-D: variable "TIM_OC3InitStructure"  was set but never used
  	TIM_OCInitTypeDef  TIM_OC3InitStructure;
..\HARDWARE\Motion\motion.c(39): warning:  #550-D: variable "TIM_OC4InitStructure"  was set but never used
  	TIM_OCInitTypeDef  TIM_OC4InitStructure;
..\HARDWARE\Motion\motion.c: 2 warnings, 0 errors
compiling key.c...
compiling mpuiic.c...
compiling pwm.c...
..\HARDWARE\PWM\pwm.c(18): warning:  #550-D: variable "TIM_OC3InitStructure"  was set but never used
  	TIM_OCInitTypeDef  TIM_OC3InitStructure;
..\HARDWARE\PWM\pwm.c(19): warning:  #550-D: variable "TIM_OC4InitStructure"  was set but never used
  	TIM_OCInitTypeDef  TIM_OC4InitStructure;
..\HARDWARE\PWM\pwm.c: 2 warnings, 0 errors
compiling stm32f4xx_syscfg.c...
compiling stm32f4xx_rcc.c...
compiling stm32f4xx_exti.c...
compiling stm32f4xx_i2c.c...
compiling stm32f4xx_spi.c...
compiling delay.c...
compiling sys.c...
compiling usart.c...
compiling stm32f4xx_tim.c...
compiling system_stm32f4xx.c...
compiling stm32f4xx_it.c...
compiling main.c...
main.c(46): warning:  #111-D: statement is unreachable
  	return 0;
main.c: 1 warning, 0 errors
compiling eMPL_outputs.c...
compiling message_layer.c...
compiling data_builder.c...
compiling hal_outputs.c...
compiling inv_mpu_dmp_motion_driver.c...
compiling mlmath.c...
compiling mpl.c...
compiling start_manager.c...
compiling results_holder.c...
compiling storage_manager.c...
compiling ml_math_func.c...
compiling inv_mpu.c...
compiling log_stm32.c...
linking...
Program Size: Code=64348 RO-data=5172 RW-data=128 ZI-data=7496  
FromELF: creating hex file...
"..\OBJ\new_project.axf" - 0 Error(s), 5 Warning(s).

<h2>Software Packages used:</h2>

Package Vendor: Keil
                http://www.keil.com/pack/Keil.STM32F4xx_DFP.2.15.0.pack
                Keil.STM32F4xx_DFP.2.15.0
                STMicroelectronics STM32F4 Series Device Support, Drivers and Examples

<h2>Collection of Component include folders:</h2>
  D:\keil\ARM\PACK\Keil\STM32F4xx_DFP\2.15.0\Drivers\CMSIS\Device\ST\STM32F4xx\Include

<h2>Collection of Component Files used:</h2>
Build Time Elapsed:  00:00:02
</pre>
</body>
</html>
