Component: ARM Compiler 5.06 update 6 (build 750) Tool: armlink [4d35ed]

==============================================================================

Section Cross References

    startup_stm32f40_41xxx.o(STACK) refers (Special) to heapauxi.o(.text) for __use_two_region_memory
    startup_stm32f40_41xxx.o(HEAP) refers (Special) to heapauxi.o(.text) for __use_two_region_memory
    startup_stm32f40_41xxx.o(RESET) refers (Special) to heapauxi.o(.text) for __use_two_region_memory
    startup_stm32f40_41xxx.o(RESET) refers to startup_stm32f40_41xxx.o(STACK) for __initial_sp
    startup_stm32f40_41xxx.o(RESET) refers to startup_stm32f40_41xxx.o(.text) for Reset_Handler
    startup_stm32f40_41xxx.o(RESET) refers to stm32f4xx_it.o(i.NMI_Handler) for NMI_Handler
    startup_stm32f40_41xxx.o(RESET) refers to stm32f4xx_it.o(i.HardFault_Handler) for HardFault_Handler
    startup_stm32f40_41xxx.o(RESET) refers to stm32f4xx_it.o(i.MemManage_Handler) for MemManage_Handler
    startup_stm32f40_41xxx.o(RESET) refers to stm32f4xx_it.o(i.BusFault_Handler) for BusFault_Handler
    startup_stm32f40_41xxx.o(RESET) refers to stm32f4xx_it.o(i.UsageFault_Handler) for UsageFault_Handler
    startup_stm32f40_41xxx.o(RESET) refers to stm32f4xx_it.o(i.SVC_Handler) for SVC_Handler
    startup_stm32f40_41xxx.o(RESET) refers to stm32f4xx_it.o(i.DebugMon_Handler) for DebugMon_Handler
    startup_stm32f40_41xxx.o(RESET) refers to stm32f4xx_it.o(i.PendSV_Handler) for PendSV_Handler
    startup_stm32f40_41xxx.o(RESET) refers to stm32f4xx_it.o(i.SysTick_Handler) for SysTick_Handler
    startup_stm32f40_41xxx.o(RESET) refers to exti.o(i.EXTI0_IRQHandler) for EXTI0_IRQHandler
    startup_stm32f40_41xxx.o(RESET) refers to exti.o(i.EXTI2_IRQHandler) for EXTI2_IRQHandler
    startup_stm32f40_41xxx.o(RESET) refers to exti.o(i.EXTI3_IRQHandler) for EXTI3_IRQHandler
    startup_stm32f40_41xxx.o(RESET) refers to exti.o(i.EXTI4_IRQHandler) for EXTI4_IRQHandler
    startup_stm32f40_41xxx.o(RESET) refers to usart.o(i.USART1_IRQHandler) for USART1_IRQHandler
    startup_stm32f40_41xxx.o(.text) refers (Special) to heapauxi.o(.text) for __use_two_region_memory
    startup_stm32f40_41xxx.o(.text) refers to system_stm32f4xx.o(i.SystemInit) for SystemInit
    startup_stm32f40_41xxx.o(.text) refers to __main.o(!!!main) for __main
    startup_stm32f40_41xxx.o(.text) refers to startup_stm32f40_41xxx.o(HEAP) for Heap_Mem
    startup_stm32f40_41xxx.o(.text) refers to startup_stm32f40_41xxx.o(STACK) for Stack_Mem
    exti.o(i.EXTI0_IRQHandler) refers to delay.o(i.delay_ms) for delay_ms
    exti.o(i.EXTI0_IRQHandler) refers to stm32f4xx_exti.o(i.EXTI_ClearITPendingBit) for EXTI_ClearITPendingBit
    exti.o(i.EXTI2_IRQHandler) refers to delay.o(i.delay_ms) for delay_ms
    exti.o(i.EXTI2_IRQHandler) refers to stm32f4xx_exti.o(i.EXTI_ClearITPendingBit) for EXTI_ClearITPendingBit
    exti.o(i.EXTI3_IRQHandler) refers to delay.o(i.delay_ms) for delay_ms
    exti.o(i.EXTI3_IRQHandler) refers to stm32f4xx_exti.o(i.EXTI_ClearITPendingBit) for EXTI_ClearITPendingBit
    exti.o(i.EXTI4_IRQHandler) refers to delay.o(i.delay_ms) for delay_ms
    exti.o(i.EXTI4_IRQHandler) refers to stm32f4xx_exti.o(i.EXTI_ClearITPendingBit) for EXTI_ClearITPendingBit
    exti.o(i.EXTIX_Init) refers to key.o(i.KEY_Init) for KEY_Init
    exti.o(i.EXTIX_Init) refers to stm32f4xx_rcc.o(i.RCC_APB2PeriphClockCmd) for RCC_APB2PeriphClockCmd
    exti.o(i.EXTIX_Init) refers to stm32f4xx_syscfg.o(i.SYSCFG_EXTILineConfig) for SYSCFG_EXTILineConfig
    exti.o(i.EXTIX_Init) refers to stm32f4xx_exti.o(i.EXTI_Init) for EXTI_Init
    exti.o(i.EXTIX_Init) refers to misc.o(i.NVIC_Init) for NVIC_Init
    key.o(i.KEY_Init) refers to stm32f4xx_rcc.o(i.RCC_AHB1PeriphClockCmd) for RCC_AHB1PeriphClockCmd
    key.o(i.KEY_Init) refers to stm32f4xx_gpio.o(i.GPIO_Init) for GPIO_Init
    key.o(i.KEY_Scan) refers to stm32f4xx_gpio.o(i.GPIO_ReadInputDataBit) for GPIO_ReadInputDataBit
    key.o(i.KEY_Scan) refers to delay.o(i.delay_ms) for delay_ms
    key.o(i.KEY_Scan) refers to key.o(.data) for key_up
    led.o(i.Led_Init) refers to stm32f4xx_rcc.o(i.RCC_AHB1PeriphClockCmd) for RCC_AHB1PeriphClockCmd
    led.o(i.Led_Init) refers to stm32f4xx_gpio.o(i.GPIO_Init) for GPIO_Init
    led.o(i.Led_Init) refers to stm32f4xx_gpio.o(i.GPIO_SetBits) for GPIO_SetBits
    motion.o(i.Motion_Forward) refers to stm32f4xx_tim.o(i.TIM_SetCompare1) for TIM_SetCompare1
    motion.o(i.Motion_Forward) refers to stm32f4xx_tim.o(i.TIM_SetCompare2) for TIM_SetCompare2
    motion.o(i.Motion_Forward) refers to stm32f4xx_tim.o(i.TIM_SetCompare3) for TIM_SetCompare3
    motion.o(i.Motion_Forward) refers to stm32f4xx_tim.o(i.TIM_SetCompare4) for TIM_SetCompare4
    motion.o(i.Motion_Init) refers to stm32f4xx_rcc.o(i.RCC_APB1PeriphClockCmd) for RCC_APB1PeriphClockCmd
    motion.o(i.Motion_Init) refers to stm32f4xx_rcc.o(i.RCC_AHB1PeriphClockCmd) for RCC_AHB1PeriphClockCmd
[...]
    inv_get_compass_bias                     0x0800bc59   Thumb Code    18  data_builder.o(i.inv_get_compass_bias)
    inv_get_compass_correction               0x0800bc71   Thumb Code    20  results_holder.o(i.inv_get_compass_correction)
    inv_get_compass_on                       0x0800bc89   Thumb Code    12  data_builder.o(i.inv_get_compass_on)
    inv_get_compass_soft_iron_output_data    0x0800bc99   Thumb Code    24  data_builder.o(i.inv_get_compass_soft_iron_output_data)
    inv_get_compass_state                    0x0800bcb5   Thumb Code     6  results_holder.o(i.inv_get_compass_state)
    inv_get_gravity                          0x0800bcc1   Thumb Code    90  results_holder.o(i.inv_get_gravity)
    inv_get_gyro                             0x0800bd21   Thumb Code    12  data_builder.o(i.inv_get_gyro)
    inv_get_gyro_accuracy                    0x0800bd31   Thumb Code     6  data_builder.o(i.inv_get_gyro_accuracy)
    inv_get_gyro_bias                        0x0800bd3d   Thumb Code    32  data_builder.o(i.inv_get_gyro_bias)
    inv_get_gyro_bias_tc_set                 0x0800bd61   Thumb Code    26  data_builder.o(i.inv_get_gyro_bias_tc_set)
    inv_get_gyro_on                          0x0800bd81   Thumb Code    10  data_builder.o(i.inv_get_gyro_on)
    inv_get_gyro_sum_of_sqr                  0x0800bd91   Thumb Code    28  ml_math_func.o(i.inv_get_gyro_sum_of_sqr)
    inv_get_large_mag_field                  0x0800bdad   Thumb Code     6  results_holder.o(i.inv_get_large_mag_field)
    inv_get_last_timestamp                   0x0800bdb9   Thumb Code    98  data_builder.o(i.inv_get_last_timestamp)
    inv_get_linear_accel                     0x0800be21   Thumb Code    60  results_holder.o(i.inv_get_linear_accel)
    inv_get_linear_accel_float               0x0800be5d   Thumb Code    62  results_holder.o(i.inv_get_linear_accel_float)
    inv_get_local_field                      0x0800bea1   Thumb Code    12  results_holder.o(i.inv_get_local_field)
    inv_get_mag_accuracy                     0x0800beb1   Thumb Code    20  data_builder.o(i.inv_get_mag_accuracy)
    inv_get_motion_state                     0x0800becd   Thumb Code    16  results_holder.o(i.inv_get_motion_state)
    inv_get_quaternion                       0x0800bee1   Thumb Code    54  results_holder.o(i.inv_get_quaternion)
    inv_get_quaternion_set                   0x0800bf1d   Thumb Code    68  results_holder.o(i.inv_get_quaternion_set)
    inv_get_sensor_type_euler                0x0800bf61   Thumb Code   588  empl_outputs.o(i.inv_get_sensor_type_euler)
    inv_get_sensor_type_gravity              0x0800c1c9   Thumb Code   104  hal_outputs.o(i.inv_get_sensor_type_gravity)
    inv_got_compass_bias                     0x0800c239   Thumb Code     6  results_holder.o(i.inv_got_compass_bias)
    inv_init_data_builder                    0x0800c245   Thumb Code    42  data_builder.o(i.inv_init_data_builder)
    inv_init_mpl                             0x0800c295   Thumb Code   106  mpl.o(i.inv_init_mpl)
    inv_init_results_holder                  0x0800c319   Thumb Code    50  results_holder.o(i.inv_init_results_holder)
    inv_init_start_manager                   0x0800c355   Thumb Code    14  start_manager.o(i.inv_init_start_manager)
    inv_init_storage_manager                 0x0800c369   Thumb Code    20  storage_manager.o(i.inv_init_storage_manager)
    inv_orientation_matrix_to_scalar         0x0800c381   Thumb Code    40  ml_math_func.o(i.inv_orientation_matrix_to_scalar)
    inv_q29_mult                             0x0800c3a9   Thumb Code    18  ml_math_func.o(i.inv_q29_mult)
    inv_q30_mult                             0x0800c3bb   Thumb Code    18  ml_math_func.o(i.inv_q30_mult)
    inv_q_add                                0x0800c3e5   Thumb Code    36  ml_math_func.o(i.inv_q_add)
    inv_q_addf                               0x0800c409   Thumb Code    66  ml_math_func.o(i.inv_q_addf)
    inv_q_invert                             0x0800c44b   Thumb Code    24  ml_math_func.o(i.inv_q_invert)
    inv_q_invertf                            0x0800c463   Thumb Code    46  ml_math_func.o(i.inv_q_invertf)
    inv_q_mult                               0x0800c491   Thumb Code   178  ml_math_func.o(i.inv_q_mult)
    inv_q_multf                              0x0800c543   Thumb Code   210  ml_math_func.o(i.inv_q_multf)
    inv_q_norm4                              0x0800c615   Thumb Code   162  ml_math_func.o(i.inv_q_norm4)
    inv_q_normalizef                         0x0800c6bd   Thumb Code   302  ml_math_func.o(i.inv_q_normalizef)
    inv_q_rotate                             0x0800c7f1   Thumb Code    66  ml_math_func.o(i.inv_q_rotate)
    inv_quaternion_to_rotation               0x0800c833   Thumb Code   218  ml_math_func.o(i.inv_quaternion_to_rotation)
    inv_register_data_cb                     0x0800c90d   Thumb Code   234  data_builder.o(i.inv_register_data_cb)
    inv_register_load_store                  0x0800ca05   Thumb Code   138  storage_manager.o(i.inv_register_load_store)
    inv_register_mpl_start_notification      0x0800ca95   Thumb Code    38  start_manager.o(i.inv_register_mpl_start_notification)
    inv_reset_compass_soft_iron_matrix       0x0800cac1   Thumb Code    80  data_builder.o(i.inv_reset_compass_soft_iron_matrix)
    inv_set_accel_accuracy                   0x0800cb69   Thumb Code    26  data_builder.o(i.inv_set_accel_accuracy)
    inv_set_accel_bias_found                 0x0800cb8d   Thumb Code     6  results_holder.o(i.inv_set_accel_bias_found)
    inv_set_accel_bias_mask                  0x0800cb99   Thumb Code    84  data_builder.o(i.inv_set_accel_bias_mask)
    inv_set_accel_orientation_and_scale      0x0800cbf9   Thumb Code    18  data_builder.o(i.inv_set_accel_orientation_and_scale)
    inv_set_accel_sample_rate                0x0800cc11   Thumb Code    36  data_builder.o(i.inv_set_accel_sample_rate)
    inv_set_compass_bias                     0x0800cc3d   Thumb Code    66  data_builder.o(i.inv_set_compass_bias)
    inv_set_compass_bias_error               0x0800cc89   Thumb Code    14  results_holder.o(i.inv_set_compass_bias_error)
    inv_set_compass_bias_found               0x0800cc9d   Thumb Code     6  results_holder.o(i.inv_set_compass_bias_found)
    inv_set_compass_correction               0x0800cca9   Thumb Code    30  results_holder.o(i.inv_set_compass_correction)
    inv_set_compass_disturbance              0x0800cccd   Thumb Code     8  data_builder.o(i.inv_set_compass_disturbance)
    inv_set_compass_orientation_and_scale    0x0800ccd9   Thumb Code    18  data_builder.o(i.inv_set_compass_orientation_and_scale)
    inv_set_compass_sample_rate              0x0800ccf1   Thumb Code    40  data_builder.o(i.inv_set_compass_sample_rate)
    inv_set_compass_soft_iron_input_data     0x0800cd21   Thumb Code    74  data_builder.o(i.inv_set_compass_soft_iron_input_data)
    inv_set_compass_state                    0x0800cd75   Thumb Code     6  results_holder.o(i.inv_set_compass_state)
    inv_set_gyro_bias                        0x0800cea1   Thumb Code   102  data_builder.o(i.inv_set_gyro_bias)
    inv_set_gyro_orientation_and_scale       0x0800cf15   Thumb Code    18  data_builder.o(i.inv_set_gyro_orientation_and_scale)
    inv_set_gyro_sample_rate                 0x0800cf2d   Thumb Code    32  data_builder.o(i.inv_set_gyro_sample_rate)
    inv_set_message                          0x0800cf55   Thumb Code    24  message_layer.o(i.inv_set_message)
    inv_set_motion_state                     0x0800cf71   Thumb Code    74  results_holder.o(i.inv_set_motion_state)
    inv_start_mpl                            0x0800cfd5   Thumb Code    38  mpl.o(i.inv_start_mpl)
    inv_start_results_holder                 0x0800d015   Thumb Code    18  results_holder.o(i.inv_start_results_holder)
    inv_store_gaming_quaternion              0x0800d02d   Thumb Code    30  results_holder.o(i.inv_store_gaming_quaternion)
    inv_unregister_data_cb                   0x0800d051   Thumb Code    96  data_builder.o(i.inv_unregister_data_cb)
    inv_unregister_mpl_start_notification    0x0800d0b5   Thumb Code    92  start_manager.o(i.inv_unregister_mpl_start_notification)
    log                                      0x0800d115   Thumb Code    16  log.o(i.log)
    main                                     0x0800d125   Thumb Code    94  main.o(i.main)
    mget_ms                                  0x0800d199   Thumb Code     2  inv_mpu.o(i.mget_ms)
    mlMatrixVectorMult                       0x0800d19b   Thumb Code    62  ml_math_func.o(i.mlMatrixVectorMult)
    mpu_configure_fifo                       0x0800d1d9   Thumb Code   106  inv_mpu.o(i.mpu_configure_fifo)
    mpu_dmp_init                             0x0800d249   Thumb Code   340  inv_mpu.o(i.mpu_dmp_init)
    mpu_get_accel_fsr                        0x0800d3ad   Thumb Code    72  inv_mpu.o(i.mpu_get_accel_fsr)
    mpu_get_accel_sens                       0x0800d3f9   Thumb Code    78  inv_mpu.o(i.mpu_get_accel_sens)
    mpu_get_compass_fsr                      0x0800d44d   Thumb Code    14  inv_mpu.o(i.mpu_get_compass_fsr)
    mpu_get_compass_reg                      0x0800d461   Thumb Code   202  inv_mpu.o(i.mpu_get_compass_reg)
    mpu_get_fifo_config                      0x0800d531   Thumb Code    12  inv_mpu.o(i.mpu_get_fifo_config)
    mpu_get_gyro_fsr                         0x0800d541   Thumb Code    64  inv_mpu.o(i.mpu_get_gyro_fsr)
    mpu_get_gyro_sens                        0x0800d585   Thumb Code    74  inv_mpu.o(i.mpu_get_gyro_sens)
    mpu_get_lpf                              0x0800d5e5   Thumb Code    74  inv_mpu.o(i.mpu_get_lpf)
    mpu_get_sample_rate                      0x0800d635   Thumb Code    26  inv_mpu.o(i.mpu_get_sample_rate)
    mpu_get_temperature                      0x0800d655   Thumb Code   142  inv_mpu.o(i.mpu_get_temperature)
    mpu_init                                 0x0800d6f1   Thumb Code   294  inv_mpu.o(i.mpu_init)
    mpu_load_firmware                        0x0800d81d   Thumb Code   180  inv_mpu.o(i.mpu_load_firmware)
    mpu_lp_accel_mode                        0x0800d8d5   Thumb Code   280  inv_mpu.o(i.mpu_lp_accel_mode)
    mpu_mpl_get_data                         0x0800d9f1   Thumb Code   234  inv_mpu.o(i.mpu_mpl_get_data)
    mpu_read_fifo_stream                     0x0800dae1   Thumb Code   186  inv_mpu.o(i.mpu_read_fifo_stream)
    mpu_read_mem                             0x0800dba1   Thumb Code   122  inv_mpu.o(i.mpu_read_mem)
    mpu_reset_fifo                           0x0800dc21   Thumb Code   450  inv_mpu.o(i.mpu_reset_fifo)
    mpu_run_6500_self_test                   0x0800dde9   Thumb Code   384  inv_mpu.o(i.mpu_run_6500_self_test)
    mpu_set_accel_fsr                        0x0800e085   Thumb Code   126  inv_mpu.o(i.mpu_set_accel_fsr)
    mpu_set_bypass                           0x0800e109   Thumb Code   328  inv_mpu.o(i.mpu_set_bypass)
    mpu_set_compass_sample_rate              0x0800e255   Thumb Code    92  inv_mpu.o(i.mpu_set_compass_sample_rate)
    mpu_set_dmp_state                        0x0800e2b5   Thumb Code   138  inv_mpu.o(i.mpu_set_dmp_state)
    mpu_set_gyro_fsr                         0x0800e345   Thumb Code   132  inv_mpu.o(i.mpu_set_gyro_fsr)
    mpu_set_int_latched                      0x0800e3cd   Thumb Code   102  inv_mpu.o(i.mpu_set_int_latched)
    mpu_set_lpf                              0x0800e439   Thumb Code   126  inv_mpu.o(i.mpu_set_lpf)
    mpu_set_sample_rate                      0x0800e4bd   Thumb Code   174  inv_mpu.o(i.mpu_set_sample_rate)
    mpu_set_sensors                          0x0800e571   Thumb Code   354  inv_mpu.o(i.mpu_set_sensors)
    mpu_write_mem                            0x0800e6d9   Thumb Code   122  inv_mpu.o(i.mpu_write_mem)
    run_self_test                            0x0800e759   Thumb Code   156  inv_mpu.o(i.run_self_test)
    set_sensor_orientation_and_scale         0x0800e885   Thumb Code     6  data_builder.o(i.set_sensor_orientation_and_scale)
    sinf                                     0x0800eae1   Thumb Code    16  sinf.o(i.sinf)
    sqrt                                     0x0800eaf1   Thumb Code   110  sqrt.o(i.sqrt)
    sqrtf                                    0x0800eb5f   Thumb Code    62  sqrtf.o(i.sqrtf)
    uart_init                                0x0800eb9d   Thumb Code   164  usart.o(i.uart_init)
    _get_lc_numeric                          0x0800ec49   Thumb Code    44  lc_numeric_c.o(locale$$code)
    _get_lc_ctype                            0x0800ec75   Thumb Code    44  lc_ctype_c.o(locale$$code)
    __aeabi_dneg                             0x0800eca1   Thumb Code     0  basic.o(x$fpl$basic)
    _dneg                                    0x0800eca1   Thumb Code     6  basic.o(x$fpl$basic)
    __aeabi_fneg                             0x0800eca7   Thumb Code     0  basic.o(x$fpl$basic)
    _fneg                                    0x0800eca7   Thumb Code     6  basic.o(x$fpl$basic)
    _dabs                                    0x0800ecad   Thumb Code     6  basic.o(x$fpl$basic)
    _fabs                                    0x0800ecb3   Thumb Code     6  basic.o(x$fpl$basic)
    __aeabi_d2f                              0x0800ecb9   Thumb Code     0  d2f.o(x$fpl$d2f)
    _d2f                                     0x0800ecb9   Thumb Code    98  d2f.o(x$fpl$d2f)
    __aeabi_dadd                             0x0800ed1d   Thumb Code     0  daddsub_clz.o(x$fpl$dadd)
    _dadd                                    0x0800ed1d   Thumb Code   332  daddsub_clz.o(x$fpl$dadd)
    __fpl_dcheck_NaN1                        0x0800ee6d   Thumb Code    10  dcheck1.o(x$fpl$dcheck1)
    __fpl_dcmp_Inf                           0x0800ee7d   Thumb Code    24  dcmpi.o(x$fpl$dcmpinf)
    __aeabi_ddiv                             0x0800ee95   Thumb Code     0  ddiv.o(x$fpl$ddiv)
    _ddiv                                    0x0800ee95   Thumb Code   552  ddiv.o(x$fpl$ddiv)
    __aeabi_cdcmpeq                          0x0800f145   Thumb Code     0  deqf.o(x$fpl$deqf)
    _dcmpeq                                  0x0800f145   Thumb Code   120  deqf.o(x$fpl$deqf)
    __aeabi_d2iz                             0x0800f1bd   Thumb Code     0  dfix.o(x$fpl$dfix)
    _dfix                                    0x0800f1bd   Thumb Code    94  dfix.o(x$fpl$dfix)
    __aeabi_i2d                              0x0800f21b   Thumb Code     0  dflt_clz.o(x$fpl$dflt)
    _dflt                                    0x0800f21b   Thumb Code    46  dflt_clz.o(x$fpl$dflt)
    __aeabi_ui2d                             0x0800f249   Thumb Code     0  dflt_clz.o(x$fpl$dfltu)
    _dfltu                                   0x0800f249   Thumb Code    38  dflt_clz.o(x$fpl$dfltu)
    __aeabi_cdcmple                          0x0800f271   Thumb Code     0  dleqf.o(x$fpl$dleqf)
    _dcmple                                  0x0800f271   Thumb Code   120  dleqf.o(x$fpl$dleqf)
    __fpl_dcmple_InfNaN                      0x0800f2d3   Thumb Code     0  dleqf.o(x$fpl$dleqf)
    __aeabi_dmul                             0x0800f2e9   Thumb Code     0  dmul.o(x$fpl$dmul)
    _dmul                                    0x0800f2e9   Thumb Code   332  dmul.o(x$fpl$dmul)
    __fpl_dnaninf                            0x0800f43d   Thumb Code   156  dnaninf.o(x$fpl$dnaninf)
    __fpl_dretinf                            0x0800f4d9   Thumb Code    12  dretinf.o(x$fpl$dretinf)
    __aeabi_cdrcmple                         0x0800f4e5   Thumb Code     0  drleqf.o(x$fpl$drleqf)
    _drcmple                                 0x0800f4e5   Thumb Code   108  drleqf.o(x$fpl$drleqf)
    __aeabi_drsub                            0x0800f551   Thumb Code     0  daddsub_clz.o(x$fpl$drsb)
    _drsb                                    0x0800f551   Thumb Code    22  daddsub_clz.o(x$fpl$drsb)
    _dsqrt                                   0x0800f569   Thumb Code   404  dsqrt_umaal.o(x$fpl$dsqrt)
    __aeabi_dsub                             0x0800f701   Thumb Code     0  daddsub_clz.o(x$fpl$dsub)
    _dsub                                    0x0800f701   Thumb Code   464  daddsub_clz.o(x$fpl$dsub)
    __aeabi_f2d                              0x0800f8d5   Thumb Code     0  f2d.o(x$fpl$f2d)
    _f2d                                     0x0800f8d5   Thumb Code    86  f2d.o(x$fpl$f2d)
    __aeabi_fadd                             0x0800f92b   Thumb Code     0  faddsub_clz.o(x$fpl$fadd)
    _fadd                                    0x0800f92b   Thumb Code    18  faddsub_clz.o(x$fpl$fadd)
    __fpl_fcheck_NaN1                        0x0800f93d   Thumb Code     6  fcheck1.o(x$fpl$fcheck1)
    __fpl_fcmp_Inf                           0x0800f949   Thumb Code    24  fcmpi.o(x$fpl$fcmpinf)
    __aeabi_fdiv                             0x0800f961   Thumb Code     0  fdiv.o(x$fpl$fdiv)
    _fdiv                                    0x0800f961   Thumb Code    18  fdiv.o(x$fpl$fdiv)
    __aeabi_f2iz                             0x0800f973   Thumb Code     0  ffix.o(x$fpl$ffix)
    _ffix                                    0x0800f973   Thumb Code    14  ffix.o(x$fpl$ffix)
    __aeabi_i2f                              0x0800f981   Thumb Code     0  fflt_clz.o(x$fpl$fflt)
    _fflt                                    0x0800f981   Thumb Code    14  fflt_clz.o(x$fpl$fflt)
    __aeabi_ul2f                             0x0800f98f   Thumb Code     0  ffltll_clz.o(x$fpl$ffltll)
    _ll_uto_f                                0x0800f98f   Thumb Code     6  ffltll_clz.o(x$fpl$ffltll)
    __aeabi_l2f                              0x0800f995   Thumb Code     0  ffltll_clz.o(x$fpl$ffltll)
    _ll_sto_f                                0x0800f995   Thumb Code    90  ffltll_clz.o(x$fpl$ffltll)
    __aeabi_ui2f                             0x0800f9ef   Thumb Code     0  fflt_clz.o(x$fpl$ffltu)
    _ffltu                                   0x0800f9ef   Thumb Code    14  fflt_clz.o(x$fpl$ffltu)
    __aeabi_cfcmple                          0x0800f9fd   Thumb Code     0  fleqf.o(x$fpl$fleqf)
    _fcmple                                  0x0800f9fd   Thumb Code    48  fleqf.o(x$fpl$fleqf)
    __fpl_fcmple_InfNaN                      0x0800fa15   Thumb Code     0  fleqf.o(x$fpl$fleqf)
    __aeabi_fmul                             0x0800fa2d   Thumb Code     0  fmul.o(x$fpl$fmul)
    _fmul                                    0x0800fa2d   Thumb Code    18  fmul.o(x$fpl$fmul)
    __fpl_fnaninf                            0x0800fa3f   Thumb Code   140  fnaninf.o(x$fpl$fnaninf)
    _fp_init                                 0x0800facb   Thumb Code    10  fpinit.o(x$fpl$fpinit)
    __fplib_config_fpu_vfp                   0x0800fad3   Thumb Code     0  fpinit.o(x$fpl$fpinit)
    __fplib_config_pureend_doubles           0x0800fad3   Thumb Code     0  fpinit.o(x$fpl$fpinit)
    __fpl_fretinf                            0x0800fad5   Thumb Code    10  fretinf.o(x$fpl$fretinf)
    __aeabi_cfrcmple                         0x0800fadf   Thumb Code     0  frleqf.o(x$fpl$frleqf)
    _frcmple                                 0x0800fadf   Thumb Code    40  frleqf.o(x$fpl$frleqf)
    __aeabi_fsub                             0x0800fb07   Thumb Code     0  faddsub_clz.o(x$fpl$fsub)
    _fsub                                    0x0800fb07   Thumb Code    18  faddsub_clz.o(x$fpl$fsub)
    __aeabi_f2lz                             0x0800fb19   Thumb Code     0  ffixll.o(x$fpl$llsfromf)
    _ll_sfrom_f                              0x0800fb19   Thumb Code   134  ffixll.o(x$fpl$llsfromf)
    _printf_fp_dec                           0x0800fb9f   Thumb Code     4  printf1.o(x$fpl$printf1)
    _printf_fp_hex                           0x0800fba3   Thumb Code     4  printf2.o(x$fpl$printf2)
    __fpl_return_NaN                         0x0800fba7   Thumb Code   100  retnan.o(x$fpl$retnan)
    __ARM_scalbn                             0x0800fc0b   Thumb Code    92  scalbn.o(x$fpl$scalbn)
    __ARM_scalbnf                            0x0800fc67   Thumb Code    76  scalbnf.o(x$fpl$scalbnf)
    __fpl_cmpreturn                          0x0800fcb3   Thumb Code    48  trapv.o(x$fpl$trapveneer)
    __I$use$fp                               0x0800fce2   Number         0  usenofp.o(x$fpl$usenofp)
    reg                                      0x0800fce4   Data          42  inv_mpu.o(.constdata)
    hw                                       0x0800fd0e   Data          14  inv_mpu.o(.constdata)
    test                                     0x0800fd1c   Data          48  inv_mpu.o(.constdata)
    ml_ver                                   0x08010b42   Data          20  mpl.o(.constdata)
    __mathlib_zero                           0x08010c20   Data           8  qnan.o(.constdata)
    Region$$Table$$Base                      0x08010e44   Number         0  anon$$obj.o(Region$$Table)
    Region$$Table$$Limit                     0x08010e64   Number         0  anon$$obj.o(Region$$Table)
    __ctype                                  0x08010e8d   Data           0  lc_ctype_c.o(locale$$data)
    __stdout                                 0x20000014   Data           4  usart.o(.data)
    USART_RX_STA                             0x20000018   Data           2  usart.o(.data)
    mpl_key                                  0x2000001c   Data           4  inv_mpu.o(.data)
    USART_RX_BUF                             0x20000080   Data         200  usart.o(.bss)
    cb                                       0x20000790   Data         232  compass_vec_cal.o(.bss)
    cb_test                                  0x20000878   Data         232  compass_vec_cal.o(.bss)
    cb_sim                                   0x20000960   Data         232  compass_vec_cal.o(.bss)
    vc                                       0x20000a48   Data         424  compass_vec_cal.o(.bss)
    fnm                                      0x20000bf0   Data         608  fast_no_motion.o(.bss)
    s9axis                                   0x20000e90   Data         312  fusion_9axis.o(.bss)
    mag_disturb                              0x2000118c   Data         184  mag_disturb.o(.bss)
    __libspace_start                         0x20001768   Data          96  libspace.o(.bss)
    __temporary_stack_top$libspace           0x200017c8   Data           0  libspace.o(.bss)



==============================================================================

Memory Map of the image

  Image Entry point : 0x08000189

  Load Region LR_IROM1 (Base: 0x08000000, Size: 0x00011010, Max: 0x00100000, ABSOLUTE)

    Execution Region ER_IROM1 (Exec base: 0x08000000, Load base: 0x08000000, Size: 0x00010f90, Max: 0x00100000, ABSOLUTE)

    Exec Addr    Load Addr    Size         Type   Attr      Idx    E Section Name        Object

    0x08000000   0x08000000   0x00000188   Data   RO            3    RESET               startup_stm32f40_41xxx.o
    0x08000188   0x08000188   0x00000008   Code   RO         4845  * !!!main             c_w.l(__main.o)
    0x08000190   0x08000190   0x00000034   Code   RO         5486    !!!scatter          c_w.l(__scatter.o)
    0x080001c4   0x080001c4   0x0000001a   Code   RO         5488    !!handler_copy      c_w.l(__scatter_copy.o)
    0x080001de   0x080001de   0x00000002   PAD
    0x080001e0   0x080001e0   0x0000001c   Code   RO         5490    !!handler_zi        c_w.l(__scatter_zi.o)
    0x080001fc   0x080001fc   0x00000000   Code   RO         4828    .ARM.Collect$$_printf_percent$$00000000  c_w.l(_printf_percent.o)
    0x080001fc   0x080001fc   0x00000006   Code   RO         5159    .ARM.Collect$$_printf_percent$$00000001  c_w.l(_printf_n.o)
    0x08000202   0x08000202   0x00000006   Code   RO         5160    .ARM.Collect$$_printf_percent$$00000002  c_w.l(_printf_p.o)
    0x08000208   0x08000208   0x00000006   Code   RO         4827    .ARM.Collect$$_printf_percent$$00000003  c_w.l(_printf_f.o)
    0x0800020e   0x0800020e   0x00000006   Code   RO         5164    .ARM.Collect$$_printf_percent$$00000004  c_w.l(_printf_e.o)
    0x08000214   0x08000214   0x00000006   Code   RO         5165    .ARM.Collect$$_printf_percent$$00000005  c_w.l(_printf_g.o)
    0x0800021a   0x0800021a   0x00000006   Code   RO         5166    .ARM.Collect$$_printf_percent$$00000006  c_w.l(_printf_a.o)
    0x08000220   0x08000220   0x0000000a   Code   RO         5171    .ARM.Collect$$_printf_percent$$00000007  c_w.l(_printf_ll.o)
    0x0800022a   0x0800022a   0x00000006   Code   RO         5162    .ARM.Collect$$_printf_percent$$00000008  c_w.l(_printf_i.o)
    0x08000230   0x08000230   0x00000006   Code   RO         4826    .ARM.Collect$$_printf_percent$$00000009  c_w.l(_printf_d.o)
    0x08000236   0x08000236   0x00000006   Code   RO         5163    .ARM.Collect$$_printf_percent$$0000000A  c_w.l(_printf_u.o)
    0x0800023c   0x0800023c   0x00000006   Code   RO         5161    .ARM.Collect$$_printf_percent$$0000000B  c_w.l(_printf_o.o)
    0x08000242   0x08000242   0x00000006   Code   RO         4825    .ARM.Collect$$_printf_percent$$0000000C  c_w.l(_printf_x.o)
    0x08000248   0x08000248   0x00000006   Code   RO         5168    .ARM.Collect$$_printf_percent$$0000000D  c_w.l(_printf_lli.o)
    0x0800024e   0x0800024e   0x00000006   Code   RO         5169    .ARM.Collect$$_printf_percent$$0000000E  c_w.l(_printf_lld.o)
    0x08000254   0x08000254   0x00000006   Code   RO         5170    .ARM.Collect$$_printf_percent$$0000000F  c_w.l(_printf_llu.o)
    0x0800025a   0x0800025a   0x00000006   Code   RO         5175    .ARM.Collect$$_printf_percent$$00000010  c_w.l(_printf_llo.o)
    0x08000260   0x08000260   0x00000006   Code   RO         5176    .ARM.Collect$$_printf_percent$$00000011  c_w.l(_printf_llx.o)
    0x08000266   0x08000266   0x0000000a   Code   RO         5172    .ARM.Collect$$_printf_percent$$00000012  c_w.l(_printf_l.o)
    0x08000270   0x08000270   0x00000006   Code   RO         5157    .ARM.Collect$$_printf_percent$$00000013  c_w.l(_printf_c.o)
    0x08000276   0x08000276   0x00000006   Code   RO         5158    .ARM.Collect$$_printf_percent$$00000014  c_w.l(_printf_s.o)
    0x0800027c   0x0800027c   0x00000006   Code   RO         5173    .ARM.Collect$$_printf_percent$$00000015  c_w.l(_printf_lc.o)
    0x08000282   0x08000282   0x00000006   Code   RO         5174    .ARM.Collect$$_printf_percent$$00000016  c_w.l(_printf_ls.o)
    0x08000288   0x08000288   0x00000004   Code   RO         5167    .ARM.Collect$$_printf_percent$$00000017  c_w.l(_printf_percent_end.o)
    0x0800028c   0x0800028c   0x00000002   Code   RO         5354    .ARM.Collect$$libinit$$00000000  c_w.l(libinit.o)
    0x0800028e   0x0800028e   0x00000004   Code   RO         5355    .ARM.Collect$$libinit$$00000001  c_w.l(libinit2.o)
    0x08000292   0x08000292   0x00000000   Code   RO         5358    .ARM.Collect$$libinit$$00000004  c_w.l(libinit2.o)
    0x08000292   0x08000292   0x00000000   Code   RO         5361    .ARM.Collect$$libinit$$0000000A  c_w.l(libinit2.o)
    0x08000292   0x08000292   0x00000000   Code   RO         5363    .ARM.Collect$$libinit$$0000000C  c_w.l(libinit2.o)
    0x08000292   0x08000292   0x00000000   Code   RO         5365    .ARM.Collect$$libinit$$0000000E  c_w.l(libinit2.o)
    0x08000292   0x08000292   0x00000006   Code   RO         5366    .ARM.Collect$$libinit$$0000000F  c_w.l(libinit2.o)
    0x08000298   0x08000298   0x00000000   Code   RO         5368    .ARM.Collect$$libinit$$00000011  c_w.l(libinit2.o)
    0x08000298   0x08000298   0x0000000c   Code   RO         5369    .ARM.Collect$$libinit$$00000012  c_w.l(libinit2.o)
    0x080002a4   0x080002a4   0x00000000   Code   RO         5370    .ARM.Collect$$libinit$$00000013  c_w.l(libinit2.o)
    0x080002a4   0x080002a4   0x00000000   Code   RO         5372    .ARM.Collect$$libinit$$00000015  c_w.l(libinit2.o)
    0x080002a4   0x080002a4   0x0000000a   Code   RO         5373    .ARM.Collect$$libinit$$00000016  c_w.l(libinit2.o)
    0x080002ae   0x080002ae   0x00000000   Code   RO         5374    .ARM.Collect$$libinit$$00000017  c_w.l(libinit2.o)
    0x080002ae   0x080002ae   0x00000000   Code   RO         5376    .ARM.Collect$$libinit$$00000019  c_w.l(libinit2.o)
    0x080002ae   0x080002ae   0x00000000   Code   RO         5378    .ARM.Collect$$libinit$$0000001B  c_w.l(libinit2.o)
    0x080002ae   0x080002ae   0x00000000   Code   RO         5380    .ARM.Collect$$libinit$$0000001D  c_w.l(libinit2.o)
    0x080002ae   0x080002ae   0x00000000   Code   RO         5382    .ARM.Collect$$libinit$$0000001F  c_w.l(libinit2.o)
    0x080002ae   0x080002ae   0x00000000   Code   RO         5384    .ARM.Collect$$libinit$$00000021  c_w.l(libinit2.o)
    0x080002ae   0x080002ae   0x00000000   Code   RO         5386    .ARM.Collect$$libinit$$00000023  c_w.l(libinit2.o)
    0x080002ae   0x080002ae   0x00000000   Code   RO         5388    .ARM.Collect$$libinit$$00000025  c_w.l(libinit2.o)
    0x080002ae   0x080002ae   0x00000000   Code   RO         5392    .ARM.Collect$$libinit$$0000002C  c_w.l(libinit2.o)
    0x080002ae   0x080002ae   0x00000000   Code   RO         5394    .ARM.Collect$$libinit$$0000002E  c_w.l(libinit2.o)
    0x080002ae   0x080002ae   0x00000000   Code   RO         5396    .ARM.Collect$$libinit$$00000030  c_w.l(libinit2.o)
    0x080002ae   0x080002ae   0x00000000   Code   RO         5398    .ARM.Collect$$libinit$$00000032  c_w.l(libinit2.o)
    0x080002ae   0x080002ae   0x00000002   Code   RO         5399    .ARM.Collect$$libinit$$00000033  c_w.l(libinit2.o)
    0x080002b0   0x080002b0   0x00000002   Code   RO         5446    .ARM.Collect$$libshutdown$$00000000  c_w.l(libshutdown.o)
    0x080002b2   0x080002b2   0x00000000   Code   RO         5455    .ARM.Collect$$libshutdown$$00000002  c_w.l(libshutdown2.o)
    0x080002b2   0x080002b2   0x00000000   Code   RO         5457    .ARM.Collect$$libshutdown$$00000004  c_w.l(libshutdown2.o)
    0x080002b2   0x080002b2   0x00000000   Code   RO         5460    .ARM.Collect$$libshutdown$$00000007  c_w.l(libshutdown2.o)
    0x080002b2   0x080002b2   0x00000000   Code   RO         5463    .ARM.Collect$$libshutdown$$0000000A  c_w.l(libshutdown2.o)
    0x080002b2   0x080002b2   0x00000000   Code   RO         5465    .ARM.Collect$$libshutdown$$0000000C  c_w.l(libshutdown2.o)
    0x080002b2   0x080002b2   0x00000000   Code   RO         5468    .ARM.Collect$$libshutdown$$0000000F  c_w.l(libshutdown2.o)
    0x080002b2   0x080002b2   0x00000002   Code   RO         5469    .ARM.Collect$$libshutdown$$00000010  c_w.l(libshutdown2.o)
    0x080002b4   0x080002b4   0x00000000   Code   RO         5125    .ARM.Collect$$rtentry$$00000000  c_w.l(__rtentry.o)
    0x080002b4   0x080002b4   0x00000000   Code   RO         5257    .ARM.Collect$$rtentry$$00000002  c_w.l(__rtentry2.o)
    0x080002b4   0x080002b4   0x00000006   Code   RO         5269    .ARM.Collect$$rtentry$$00000004  c_w.l(__rtentry4.o)
    0x080002ba   0x080002ba   0x00000000   Code   RO         5259    .ARM.Collect$$rtentry$$00000009  c_w.l(__rtentry2.o)
    0x080002ba   0x080002ba   0x00000004   Code   RO         5260    .ARM.Collect$$rtentry$$0000000A  c_w.l(__rtentry2.o)
    0x080002be   0x080002be   0x00000000   Code   RO         5262    .ARM.Collect$$rtentry$$0000000C  c_w.l(__rtentry2.o)
    0x080002be   0x080002be   0x00000008   Code   RO         5263    .ARM.Collect$$rtentry$$0000000D  c_w.l(__rtentry2.o)
    0x080002c6   0x080002c6   0x00000002   Code   RO         5402    .ARM.Collect$$rtexit$$00000000  c_w.l(rtexit.o)
    0x080002c8   0x080002c8   0x00000000   Code   RO         5416    .ARM.Collect$$rtexit$$00000002  c_w.l(rtexit2.o)
    0x080002c8   0x080002c8   0x00000004   Code   RO         5417    .ARM.Collect$$rtexit$$00000003  c_w.l(rtexit2.o)
    0x080002cc   0x080002cc   0x00000006   Code   RO         5418    .ARM.Collect$$rtexit$$00000004  c_w.l(rtexit2.o)
    0x080002d2   0x080002d2   0x00000002   PAD
    0x080002d4   0x080002d4   0x00000040   Code   RO            4    .text               startup_stm32f40_41xxx.o
    0x08000314   0x08000314   0x00001e5c   Code   RO         4530    .text               libmpllib.lib(compass_vec_cal.o)
    0x08002170   0x08002170   0x000009f4   Code   RO         4620    .text               libmpllib.lib(fast_no_motion.o)
    0x08002b64   0x08002b64   0x0000065c   Code   RO         4653    .text               libmpllib.lib(fusion_9axis.o)
    0x080031c0   0x080031c0   0x000004bc   Code   RO         4675    .text               libmpllib.lib(gyro_tc.o)
    0x0800367c   0x0800367c   0x00000550   Code   RO         4693    .text               libmpllib.lib(mag_disturb.o)
    0x08003bcc   0x08003bcc   0x00000940   Code   RO         4715    .text               libmpllib.lib(quaternion_supervisor.o)
    0x0800450c   0x0800450c   0x00000aec   Code   RO         4733    .text               libmpllib.lib(accel_auto_cal.o)
    0x08004ff8   0x08004ff8   0x00000002   Code   RO         4764    .text               c_w.l(use_no_semi_2.o)
    0x08004ffa   0x08004ffa   0x00000026   Code   RO         4766    .text               c_w.l(llshl.o)
    0x08005020   0x08005020   0x00000026   Code   RO         4768    .text               c_w.l(llsshr.o)
    0x08005046   0x08005046   0x00000048   Code   RO         4770    .text               c_w.l(llsdiv.o)
    0x0800508e   0x0800508e   0x00000002   PAD
    0x08005090   0x08005090   0x00000024   Code   RO         4772    .text               c_w.l(vsprintf.o)
    0x080050b4   0x080050b4   0x00000018   Code   RO         4774    .text               c_w.l(__2printf.o)
    0x080050cc   0x080050cc   0x0000004e   Code   RO         4780    .text               c_w.l(_printf_pad.o)
    0x0800511a   0x0800511a   0x00000002   PAD
    0x0800511c   0x0800511c   0x00000078   Code   RO         4782    .text               c_w.l(_printf_dec.o)
    0x08005194   0x08005194   0x00000094   Code   RO         4802    .text               c_w.l(_printf_hex_int_ll_ptr.o)
    0x08005228   0x08005228   0x00000188   Code   RO         4822    .text               c_w.l(__printf_flags_ss_wp.o)
    0x080053b0   0x080053b0   0x00000058   Code   RO         4829    .text               c_w.l(memcmp.o)
    0x08005408   0x08005408   0x0000008a   Code   RO         4831    .text               c_w.l(rt_memcpy_v6.o)
    0x08005492   0x08005492   0x00000064   Code   RO         4833    .text               c_w.l(rt_memcpy_w.o)
    0x080054f6   0x080054f6   0x0000007a   Code   RO         4835    .text               c_w.l(rt_memmove_w.o)
    0x08005570   0x08005570   0x00000010   Code   RO         4837    .text               c_w.l(aeabi_memset.o)
    0x08005580   0x08005580   0x00000044   Code   RO         4839    .text               c_w.l(rt_memclr.o)
    0x080055c4   0x080055c4   0x0000004e   Code   RO         4841    .text               c_w.l(rt_memclr_w.o)
    0x08005612   0x08005612   0x00000006   Code   RO         4843    .text               c_w.l(heapauxi.o)
    0x08005618   0x08005618   0x00000002   Code   RO         5123    .text               c_w.l(use_no_semi.o)
    0x0800561a   0x0800561a   0x000000ee   Code   RO         5126    .text               c_w.l(lludivv7m.o)
    0x08005708   0x08005708   0x00000016   Code   RO         5128    .text               c_w.l(_rserrno.o)
    0x0800571e   0x0800571e   0x00000024   Code   RO         5130    .text               c_w.l(_printf_truncate.o)
    0x08005742   0x08005742   0x00000052   Code   RO         5132    .text               c_w.l(_printf_str.o)
    0x08005794   0x08005794   0x000000b2   Code   RO         5134    .text               c_w.l(_printf_intcommon.o)
    0x08005846   0x08005846   0x00000028   Code   RO         5136    .text               c_w.l(_printf_charcount.o)
    0x0800586e   0x0800586e   0x0000041e   Code   RO         5138    .text               c_w.l(_printf_fp_dec.o)
    0x08005c8c   0x08005c8c   0x00000030   Code   RO         5140    .text               c_w.l(_printf_char_common.o)
    0x08005cbc   0x08005cbc   0x0000000a   Code   RO         5142    .text               c_w.l(_sputc.o)
    0x08005cc6   0x08005cc6   0x00000002   PAD
    0x08005cc8   0x08005cc8   0x00000024   Code   RO         5144    .text               c_w.l(_printf_char_file.o)
    0x08005cec   0x08005cec   0x000000bc   Code   RO         5146    .text               c_w.l(_printf_wctomb.o)
    0x08005da8   0x08005da8   0x0000007c   Code   RO         5149    .text               c_w.l(_printf_longlong_dec.o)
    0x08005e24   0x08005e24   0x00000070   Code   RO         5155    .text               c_w.l(_printf_oct_int_ll.o)
    0x08005e94   0x08005e94   0x00000008   Code   RO         5278    .text               c_w.l(rt_locale_intlibspace.o)
    0x08005e9c   0x08005e9c   0x00000008   Code   RO         5283    .text               c_w.l(rt_errno_addr_intlibspace.o)
    0x08005ea4   0x08005ea4   0x0000008a   Code   RO         5285    .text               c_w.l(lludiv10.o)
    0x08005f2e   0x08005f2e   0x00000002   PAD
    0x08005f30   0x08005f30   0x000002fc   Code   RO         5287    .text               c_w.l(_printf_fp_hex.o)
    0x0800622c   0x0800622c   0x00000080   Code   RO         5290    .text               c_w.l(_printf_fp_infnan.o)
    0x080062ac   0x080062ac   0x0000002c   Code   RO         5294    .text               c_w.l(_printf_char.o)
    0x080062d8   0x080062d8   0x0000002c   Code   RO         5296    .text               c_w.l(_printf_wchar.o)
    0x08006304   0x08006304   0x000000e4   Code   RO         5298    .text               c_w.l(bigflt0.o)
    0x080063e8   0x080063e8   0x00000008   Code   RO         5323    .text               c_w.l(ferror.o)
    0x080063f0   0x080063f0   0x00000040   Code   RO         5327    .text               c_w.l(_wcrtomb.o)
    0x08006430   0x08006430   0x00000008   Code   RO         5336    .text               c_w.l(libspace.o)
    0x08006438   0x08006438   0x0000004a   Code   RO         5339    .text               c_w.l(sys_stackheap_outer.o)
    0x08006482   0x08006482   0x00000002   PAD
    0x08006484   0x08006484   0x00000010   Code   RO         5341    .text               c_w.l(rt_ctype_table.o)
    0x08006494   0x08006494   0x00000012   Code   RO         5345    .text               c_w.l(exit.o)
    0x080064a6   0x080064a6   0x00000002   PAD
    0x080064a8   0x080064a8   0x00000080   Code   RO         5347    .text               c_w.l(strcmpv7m.o)
    0x08006528   0x08006528   0x0000003e   Code   RO         5301    CL$$btod_d2e        c_w.l(btod.o)
    0x08006566   0x08006566   0x00000046   Code   RO         5303    CL$$btod_d2e_denorm_low  c_w.l(btod.o)
    0x080065ac   0x080065ac   0x00000060   Code   RO         5302    CL$$btod_d2e_norm_op1  c_w.l(btod.o)
    0x0800660c   0x0800660c   0x00000338   Code   RO         5311    CL$$btod_div_common  c_w.l(btod.o)
    0x08006944   0x08006944   0x000000dc   Code   RO         5308    CL$$btod_e2e        c_w.l(btod.o)
    0x08006a20   0x08006a20   0x0000002a   Code   RO         5305    CL$$btod_ediv       c_w.l(btod.o)
    0x08006a4a   0x08006a4a   0x0000002a   Code   RO         5304    CL$$btod_emul       c_w.l(btod.o)
    0x08006a74   0x08006a74   0x00000244   Code   RO         5310    CL$$btod_mult_common  c_w.l(btod.o)
    0x08006cb8   0x08006cb8   0x00000034   Code   RO         2428    i.Board_init        main.o
    0x08006cec   0x08006cec   0x00000004   Code   RO         2294    i.BusFault_Handler  stm32f4xx_it.o
    0x08006cf0   0x08006cf0   0x00000002   Code   RO         2295    i.DebugMon_Handler  stm32f4xx_it.o
    0x08006cf2   0x08006cf2   0x00000010   Code   RO           12    i.EXTI0_IRQHandler  exti.o
    0x08006d02   0x08006d02   0x00000010   Code   RO           13    i.EXTI2_IRQHandler  exti.o
    0x08006d12   0x08006d12   0x00000010   Code   RO           14    i.EXTI3_IRQHandler  exti.o
    0x08006d22   0x08006d22   0x00000010   Code   RO           15    i.EXTI4_IRQHandler  exti.o
    0x08006d32   0x08006d32   0x00000002   PAD
    0x08006d34   0x08006d34   0x0000000c   Code   RO         1176    i.EXTI_ClearITPendingBit  stm32f4xx_exti.o
    0x08006d40   0x08006d40   0x00000090   Code   RO          500    i.GPIO_Init         stm32f4xx_gpio.o
    0x08006dd0   0x08006dd0   0x00000046   Code   RO          501    i.GPIO_PinAFConfig  stm32f4xx_gpio.o
    0x08006e16   0x08006e16   0x00000004   Code   RO          508    i.GPIO_SetBits      stm32f4xx_gpio.o
    0x08006e1a   0x08006e1a   0x00000004   Code   RO         2296    i.HardFault_Handler  stm32f4xx_it.o
    0x08006e1e   0x08006e1e   0x00000002   PAD
    0x08006e20   0x08006e20   0x00000050   Code   RO          393    i.IIC_Ack           mpuiic.o
    0x08006e70   0x08006e70   0x0000003c   Code   RO          394    i.IIC_Init          mpuiic.o
    0x08006eac   0x08006eac   0x00000050   Code   RO          395    i.IIC_NAck          mpuiic.o
    0x08006efc   0x08006efc   0x0000006c   Code   RO          396    i.IIC_Read_Byte     mpuiic.o
    0x08006f68   0x08006f68   0x00000068   Code   RO          397    i.IIC_Send_Byte     mpuiic.o
    0x08006fd0   0x08006fd0   0x0000004c   Code   RO          398    i.IIC_Start         mpuiic.o
    0x0800701c   0x0800701c   0x0000004c   Code   RO          399    i.IIC_Stop          mpuiic.o
    0x08007068   0x08007068   0x00000060   Code   RO          400    i.IIC_Wait_Ack      mpuiic.o
    0x080070c8   0x080070c8   0x00000044   Code   RO          173    i.KEY_Init          key.o
    0x0800710c   0x0800710c   0x00000060   Code   RO          200    i.Led_Init          led.o
    0x0800716c   0x0800716c   0x000000b0   Code   RO          264    i.MPU9250_Init      mpu9250.o
    0x0800721c   0x0800721c   0x00000048   Code   RO          269    i.MPU_Read_Byte     mpu9250.o
    0x08007264   0x08007264   0x00000074   Code   RO          270    i.MPU_Read_Len      mpu9250.o
    0x080072d8   0x080072d8   0x00000012   Code   RO          271    i.MPU_Set_Accel_Fsr  mpu9250.o
    0x080072ea   0x080072ea   0x00000012   Code   RO          272    i.MPU_Set_Gyro_Fsr  mpu9250.o
    0x080072fc   0x080072fc   0x0000003c   Code   RO          273    i.MPU_Set_LPF       mpu9250.o
    0x08007338   0x08007338   0x0000003c   Code   RO          274    i.MPU_Set_Rate      mpu9250.o
    0x08007374   0x08007374   0x0000004c   Code   RO          275    i.MPU_Write_Byte    mpu9250.o
    0x080073c0   0x080073c0   0x00000060   Code   RO          276    i.MPU_Write_Len     mpu9250.o
    0x08007420   0x08007420   0x00000004   Code   RO         2297    i.MemManage_Handler  stm32f4xx_it.o
    0x08007424   0x08007424   0x000001ac   Code   RO          224    i.Motion_Init       motion.o
    0x080075d0   0x080075d0   0x00000002   Code   RO         2298    i.NMI_Handler       stm32f4xx_it.o
    0x080075d2   0x080075d2   0x00000002   PAD
    0x080075d4   0x080075d4   0x00000078   Code   RO          455    i.NVIC_Init         misc.o
    0x0800764c   0x0800764c   0x00000014   Code   RO          456    i.NVIC_PriorityGroupConfig  misc.o
    0x08007660   0x08007660   0x00000002   Code   RO         2299    i.PendSV_Handler    stm32f4xx_it.o
    0x08007662   0x08007662   0x00000002   PAD
    0x08007664   0x08007664   0x00000020   Code   RO          597    i.RCC_AHB1PeriphClockCmd  stm32f4xx_rcc.o
    0x08007684   0x08007684   0x00000020   Code   RO          606    i.RCC_APB1PeriphClockCmd  stm32f4xx_rcc.o
    0x080076a4   0x080076a4   0x00000020   Code   RO          609    i.RCC_APB2PeriphClockCmd  stm32f4xx_rcc.o
    0x080076c4   0x080076c4   0x000000e8   Code   RO          618    i.RCC_GetClocksFreq  stm32f4xx_rcc.o
    0x080077ac   0x080077ac   0x00000002   Code   RO         2300    i.SVC_Handler       stm32f4xx_it.o
    0x080077ae   0x080077ae   0x00000002   PAD
    0x080077b0   0x080077b0   0x000000ec   Code   RO         2391    i.SetSysClock       system_stm32f4xx.o
    0x0800789c   0x0800789c   0x00000028   Code   RO          459    i.SysTick_CLKSourceConfig  misc.o
    0x080078c4   0x080078c4   0x00000002   Code   RO         2301    i.SysTick_Handler   stm32f4xx_it.o
    0x080078c6   0x080078c6   0x00000002   PAD
    0x080078c8   0x080078c8   0x00000068   Code   RO         2393    i.SystemInit        system_stm32f4xx.o
    0x08007930   0x08007930   0x00000018   Code   RO         1629    i.TIM_ARRPreloadConfig  stm32f4xx_tim.o
    0x08007948   0x08007948   0x00000018   Code   RO         1641    i.TIM_Cmd           stm32f4xx_tim.o
    0x08007960   0x08007960   0x0000007c   Code   RO         1670    i.TIM_OC1Init       stm32f4xx_tim.o
    0x080079dc   0x080079dc   0x00000012   Code   RO         1673    i.TIM_OC1PreloadConfig  stm32f4xx_tim.o
    0x080079ee   0x080079ee   0x00000002   PAD
    0x080079f0   0x080079f0   0x000000a4   Code   RO         1675    i.TIM_OC2Init       stm32f4xx_tim.o
    0x08007a94   0x08007a94   0x0000001a   Code   RO         1678    i.TIM_OC2PreloadConfig  stm32f4xx_tim.o
    0x08007aae   0x08007aae   0x00000002   PAD
    0x08007ab0   0x08007ab0   0x000000a0   Code   RO         1680    i.TIM_OC3Init       stm32f4xx_tim.o
    0x08007b50   0x08007b50   0x00000012   Code   RO         1683    i.TIM_OC3PreloadConfig  stm32f4xx_tim.o
    0x08007b62   0x08007b62   0x00000002   PAD
    0x08007b64   0x08007b64   0x00000078   Code   RO         1685    i.TIM_OC4Init       stm32f4xx_tim.o
    0x08007bdc   0x08007bdc   0x0000001a   Code   RO         1687    i.TIM_OC4PreloadConfig  stm32f4xx_tim.o
    0x08007bf6   0x08007bf6   0x00000002   PAD
    0x08007bf8   0x08007bf8   0x00000084   Code   RO         1713    i.TIM_TimeBaseInit  stm32f4xx_tim.o
    0x08007c7c   0x08007c7c   0x00000088   Code   RO         2245    i.USART1_IRQHandler  usart.o
    0x08007d04   0x08007d04   0x00000018   Code   RO          935    i.USART_Cmd         stm32f4xx_usart.o
    0x08007d1c   0x08007d1c   0x00000054   Code   RO          939    i.USART_GetITStatus  stm32f4xx_usart.o
    0x08007d70   0x08007d70   0x0000004a   Code   RO          941    i.USART_ITConfig    stm32f4xx_usart.o
    0x08007dba   0x08007dba   0x00000002   PAD
    0x08007dbc   0x08007dbc   0x000000d4   Code   RO          942    i.USART_Init        stm32f4xx_usart.o
    0x08007e90   0x08007e90   0x0000000a   Code   RO          949    i.USART_ReceiveData  stm32f4xx_usart.o
    0x08007e9a   0x08007e9a   0x00000004   Code   RO         2302    i.UsageFault_Handler  stm32f4xx_it.o
    0x08007e9e   0x08007e9e   0x000000ca   Code   RO         3130    i._MLPrintLog       log_stm32.o
    0x08007f68   0x08007f68   0x00000030   Code   RO         5221    i.__ARM_fpclassify  m_wm.l(fpclassify.o)
    0x08007f98   0x08007f98   0x00000026   Code   RO         5223    i.__ARM_fpclassifyf  m_wm.l(fpclassifyf.o)
    0x08007fbe   0x08007fbe   0x00000002   PAD
    0x08007fc0   0x08007fc0   0x00000118   Code   RO         4929    i.__hardfp_acosf    m_wm.l(acosf.o)
    0x080080d8   0x080080d8   0x00000250   Code   RO         4993    i.__hardfp_atan2f   m_wm.l(atan2f.o)
    0x08008328   0x08008328   0x000000c8   Code   RO         5011    i.__hardfp_cos      m_wm.l(cos.o)
    0x080083f0   0x080083f0   0x00000150   Code   RO         5023    i.__hardfp_cosf     m_wm.l(cosf.o)
    0x08008540   0x08008540   0x00000014   Code   RO         5035    i.__hardfp_fabs     m_wm.l(fabs.o)
    0x08008554   0x08008554   0x00000004   PAD
    0x08008558   0x08008558   0x000003c4   Code   RO         5047    i.__hardfp_log      m_wm.l(log.o)
    0x0800891c   0x0800891c   0x00000190   Code   RO         5087    i.__hardfp_sinf     m_wm.l(sinf.o)
    0x08008aac   0x08008aac   0x0000003a   Code   RO         5111    i.__hardfp_sqrtf    m_wm.l(sqrtf.o)
    0x08008ae6   0x08008ae6   0x00000002   PAD
    0x08008ae8   0x08008ae8   0x00000438   Code   RO         5242    i.__ieee754_rem_pio2  m_wm.l(rred.o)
    0x08008f20   0x08008f20   0x00000170   Code   RO         5204    i.__kernel_cos      m_wm.l(cos_i.o)
    0x08009090   0x08009090   0x000000f8   Code   RO         5239    i.__kernel_poly     m_wm.l(poly.o)
    0x08009188   0x08009188   0x00000130   Code   RO         5250    i.__kernel_sin      m_wm.l(sin_i.o)
    0x080092b8   0x080092b8   0x00000030   Code   RO         5207    i.__mathlib_dbl_divzero  m_wm.l(dunder.o)
    0x080092e8   0x080092e8   0x00000014   Code   RO         5208    i.__mathlib_dbl_infnan  m_wm.l(dunder.o)
    0x080092fc   0x080092fc   0x00000004   PAD
    0x08009300   0x08009300   0x00000020   Code   RO         5210    i.__mathlib_dbl_invalid  m_wm.l(dunder.o)
    0x08009320   0x08009320   0x00000020   Code   RO         5213    i.__mathlib_dbl_underflow  m_wm.l(dunder.o)
    0x08009340   0x08009340   0x00000006   Code   RO         5226    i.__mathlib_flt_infnan  m_wm.l(funder.o)
    0x08009346   0x08009346   0x00000006   Code   RO         5227    i.__mathlib_flt_infnan2  m_wm.l(funder.o)
    0x0800934c   0x0800934c   0x00000010   Code   RO         5228    i.__mathlib_flt_invalid  m_wm.l(funder.o)
    0x0800935c   0x0800935c   0x00000010   Code   RO         5231    i.__mathlib_flt_underflow  m_wm.l(funder.o)
    0x0800936c   0x0800936c   0x00000154   Code   RO         5247    i.__mathlib_rredf2  m_wm.l(rredf.o)
    0x080094c0   0x080094c0   0x00000034   Code   RO         4182    i.__print_result_location  mpl.o
    0x080094f4   0x080094f4   0x0000000e   Code   RO         4815    i._is_digit         c_w.l(__printf_wp.o)
    0x08009502   0x08009502   0x00000004   Code   RO         2246    i._sys_exit         usart.o
    0x08009506   0x08009506   0x00000002   PAD
    0x08009508   0x08009508   0x00000614   Code   RO         2464    i.accel_6500_self_test  inv_mpu.o
    0x08009b1c   0x08009b1c   0x00000010   Code   RO         4931    i.acosf             m_wm.l(acosf.o)
    0x08009b2c   0x08009b2c   0x0000014c   Code   RO         2465    i.compass_self_test  inv_mpu.o
    0x08009c78   0x08009c78   0x00000010   Code   RO         5013    i.cos               m_wm.l(cos.o)
    0x08009c88   0x08009c88   0x00000010   Code   RO         5025    i.cosf              m_wm.l(cosf.o)
    0x08009c98   0x08009c98   0x00000064   Code   RO         2940    i.decode_gesture    inv_mpu_dmp_motion_driver.o
    0x08009cfc   0x08009cfc   0x0000003c   Code   RO         2187    i.delay_init        delay.o
    0x08009d38   0x08009d38   0x00000038   Code   RO         2188    i.delay_ms          delay.o
    0x08009d70   0x08009d70   0x0000004c   Code   RO         2189    i.delay_us          delay.o
    0x08009dbc   0x08009dbc   0x0000004c   Code   RO         2190    i.delay_xms         delay.o
    0x08009e08   0x08009e08   0x0000003c   Code   RO         2941    i.dmp_enable_6x_lp_quat  inv_mpu_dmp_motion_driver.o
    0x08009e44   0x08009e44   0x0000021c   Code   RO         2942    i.dmp_enable_feature  inv_mpu_dmp_motion_driver.o
    0x0800a060   0x0800a060   0x00000058   Code   RO         2943    i.dmp_enable_gyro_cal  inv_mpu_dmp_motion_driver.o
    0x0800a0b8   0x0800a0b8   0x0000003c   Code   RO         2944    i.dmp_enable_lp_quat  inv_mpu_dmp_motion_driver.o
    0x0800a0f4   0x0800a0f4   0x00000018   Code   RO         2949    i.dmp_load_motion_driver_firmware  inv_mpu_dmp_motion_driver.o
    0x0800a10c   0x0800a10c   0x000001cc   Code   RO         2950    i.dmp_read_fifo     inv_mpu_dmp_motion_driver.o
    0x0800a2d8   0x0800a2d8   0x00000130   Code   RO         2953    i.dmp_set_accel_bias  inv_mpu_dmp_motion_driver.o
    0x0800a408   0x0800a408   0x00000070   Code   RO         2954    i.dmp_set_fifo_rate  inv_mpu_dmp_motion_driver.o
    0x0800a478   0x0800a478   0x00000130   Code   RO         2955    i.dmp_set_gyro_bias  inv_mpu_dmp_motion_driver.o
    0x0800a5a8   0x0800a5a8   0x00000138   Code   RO         2957    i.dmp_set_orientation  inv_mpu_dmp_motion_driver.o
    0x0800a6e0   0x0800a6e0   0x00000038   Code   RO         2960    i.dmp_set_shake_reject_thresh  inv_mpu_dmp_motion_driver.o
    0x0800a718   0x0800a718   0x00000026   Code   RO         2961    i.dmp_set_shake_reject_time  inv_mpu_dmp_motion_driver.o
    0x0800a73e   0x0800a73e   0x00000026   Code   RO         2962    i.dmp_set_shake_reject_timeout  inv_mpu_dmp_motion_driver.o
    0x0800a764   0x0800a764   0x00000046   Code   RO         2963    i.dmp_set_tap_axes  inv_mpu_dmp_motion_driver.o
    0x0800a7aa   0x0800a7aa   0x00000026   Code   RO         2964    i.dmp_set_tap_count  inv_mpu_dmp_motion_driver.o
    0x0800a7d0   0x0800a7d0   0x000001c0   Code   RO         2965    i.dmp_set_tap_thresh  inv_mpu_dmp_motion_driver.o
    0x0800a990   0x0800a990   0x00000026   Code   RO         2966    i.dmp_set_tap_time  inv_mpu_dmp_motion_driver.o
    0x0800a9b6   0x0800a9b6   0x00000026   Code   RO         2967    i.dmp_set_tap_time_multi  inv_mpu_dmp_motion_driver.o
    0x0800a9dc   0x0800a9dc   0x00000018   Code   RO         5037    i.fabs              m_wm.l(fabs.o)
    0x0800a9f4   0x0800a9f4   0x0000001c   Code   RO         2247    i.fputc             usart.o
    0x0800aa10   0x0800aa10   0x00000670   Code   RO         2466    i.get_st_6500_biases  inv_mpu.o
    0x0800b080   0x0800b080   0x000005bc   Code   RO         2468    i.gyro_6500_self_test  inv_mpu.o
    0x0800b63c   0x0800b63c   0x0000006a   Code   RO         3249    i.inv_apply_calibration  data_builder.o
    0x0800b6a6   0x0800b6a6   0x00000002   PAD
    0x0800b6a8   0x0800b6a8   0x0000008c   Code   RO         3250    i.inv_build_accel   data_builder.o
    0x0800b734   0x0800b734   0x000000b0   Code   RO         3251    i.inv_build_compass  data_builder.o
    0x0800b7e4   0x0800b7e4   0x00000038   Code   RO         3252    i.inv_build_gyro    data_builder.o
    0x0800b81c   0x0800b81c   0x0000002c   Code   RO         3254    i.inv_build_temp    data_builder.o
    0x0800b848   0x0800b848   0x000000b0   Code   RO         3825    i.inv_compass_angle  ml_math_func.o
    0x0800b8f8   0x0800b8f8   0x00000072   Code   RO         3827    i.inv_convert_to_body_with_scale  ml_math_func.o
    0x0800b96a   0x0800b96a   0x00000002   PAD
    0x0800b96c   0x0800b96c   0x00000050   Code   RO         3256    i.inv_db_load_func  data_builder.o
    0x0800b9bc   0x0800b9bc   0x00000018   Code   RO         3257    i.inv_db_save_func  data_builder.o
    0x0800b9d4   0x0800b9d4   0x00000010   Code   RO         3258    i.inv_disable_compass_soft_iron_matrix  data_builder.o
    0x0800b9e4   0x0800b9e4   0x0000001c   Code   RO         3161    i.inv_enable_eMPL_outputs  empl_outputs.o
    0x0800ba00   0x0800ba00   0x00000020   Code   RO         4220    i.inv_enable_results_holder  results_holder.o
    0x0800ba20   0x0800ba20   0x0000002c   Code   RO         4455    i.inv_execute_mpl_start_notification  start_manager.o
    0x0800ba4c   0x0800ba4c   0x000000a0   Code   RO         3260    i.inv_execute_on_data  data_builder.o
    0x0800baec   0x0800baec   0x000000f0   Code   RO         3162    i.inv_generate_eMPL_outputs  empl_outputs.o
    0x0800bbdc   0x0800bbdc   0x00000010   Code   RO         4221    i.inv_generate_results  results_holder.o
    0x0800bbec   0x0800bbec   0x00000018   Code   RO         4222    i.inv_get_6axis_quaternion  results_holder.o
    0x0800bc04   0x0800bc04   0x0000000c   Code   RO         4223    i.inv_get_acc_state  results_holder.o
    0x0800bc10   0x0800bc10   0x0000000c   Code   RO         3261    i.inv_get_accel_accuracy  data_builder.o
    0x0800bc1c   0x0800bc1c   0x00000010   Code   RO         3263    i.inv_get_accel_on  data_builder.o
    0x0800bc2c   0x0800bc2c   0x0000002c   Code   RO         3267    i.inv_get_accel_set  data_builder.o
    0x0800bc58   0x0800bc58   0x00000018   Code   RO         3268    i.inv_get_compass_bias  data_builder.o
    0x0800bc70   0x0800bc70   0x00000018   Code   RO         4227    i.inv_get_compass_correction  results_holder.o
    0x0800bc88   0x0800bc88   0x00000010   Code   RO         3270    i.inv_get_compass_on  data_builder.o
    0x0800bc98   0x0800bc98   0x0000001c   Code   RO         3277    i.inv_get_compass_soft_iron_output_data  data_builder.o
    0x0800bcb4   0x0800bcb4   0x0000000c   Code   RO         4228    i.inv_get_compass_state  results_holder.o
    0x0800bcc0   0x0800bcc0   0x00000060   Code   RO         4229    i.inv_get_gravity   results_holder.o
    0x0800bd20   0x0800bd20   0x00000010   Code   RO         3278    i.inv_get_gyro      data_builder.o
    0x0800bd30   0x0800bd30   0x0000000c   Code   RO         3279    i.inv_get_gyro_accuracy  data_builder.o
    0x0800bd3c   0x0800bd3c   0x00000024   Code   RO         3280    i.inv_get_gyro_bias  data_builder.o
    0x0800bd60   0x0800bd60   0x00000020   Code   RO         3281    i.inv_get_gyro_bias_tc_set  data_builder.o
    0x0800bd80   0x0800bd80   0x00000010   Code   RO         3282    i.inv_get_gyro_on   data_builder.o
    0x0800bd90   0x0800bd90   0x0000001c   Code   RO         3831    i.inv_get_gyro_sum_of_sqr  ml_math_func.o
    0x0800bdac   0x0800bdac   0x0000000c   Code   RO         4232    i.inv_get_large_mag_field  results_holder.o
    0x0800bdb8   0x0800bdb8   0x00000068   Code   RO         3288    i.inv_get_last_timestamp  data_builder.o
    0x0800be20   0x0800be20   0x0000003c   Code   RO         4233    i.inv_get_linear_accel  results_holder.o
    0x0800be5c   0x0800be5c   0x00000044   Code   RO         4234    i.inv_get_linear_accel_float  results_holder.o
    0x0800bea0   0x0800bea0   0x00000010   Code   RO         4235    i.inv_get_local_field  results_holder.o
    0x0800beb0   0x0800beb0   0x0000001c   Code   RO         3289    i.inv_get_mag_accuracy  data_builder.o
    0x0800becc   0x0800becc   0x00000014   Code   RO         4237    i.inv_get_motion_state  results_holder.o
    0x0800bee0   0x0800bee0   0x0000003c   Code   RO         4238    i.inv_get_quaternion  results_holder.o
    0x0800bf1c   0x0800bf1c   0x00000044   Code   RO         4240    i.inv_get_quaternion_set  results_holder.o
    0x0800bf60   0x0800bf60   0x00000268   Code   RO         3165    i.inv_get_sensor_type_euler  empl_outputs.o
    0x0800c1c8   0x0800c1c8   0x00000070   Code   RO         3701    i.inv_get_sensor_type_gravity  hal_outputs.o
    0x0800c238   0x0800c238   0x0000000c   Code   RO         4242    i.inv_got_compass_bias  results_holder.o
    0x0800c244   0x0800c244   0x0000003c   Code   RO         3292    i.inv_init_data_builder  data_builder.o
    0x0800c280   0x0800c280   0x00000014   Code   RO         3170    i.inv_init_eMPL_outputs  empl_outputs.o
    0x0800c294   0x0800c294   0x00000084   Code   RO         4184    i.inv_init_mpl      mpl.o
    0x0800c318   0x0800c318   0x0000003c   Code   RO         4243    i.inv_init_results_holder  results_holder.o
    0x0800c354   0x0800c354   0x00000014   Code   RO         4456    i.inv_init_start_manager  start_manager.o
    0x0800c368   0x0800c368   0x00000018   Code   RO         4489    i.inv_init_storage_manager  storage_manager.o
    0x0800c380   0x0800c380   0x00000028   Code   RO         3840    i.inv_orientation_matrix_to_scalar  ml_math_func.o
    0x0800c3a8   0x0800c3a8   0x00000012   Code   RO         3841    i.inv_q29_mult      ml_math_func.o
    0x0800c3ba   0x0800c3ba   0x00000012   Code   RO         3843    i.inv_q30_mult      ml_math_func.o
    0x0800c3cc   0x0800c3cc   0x00000018   Code   RO         3845    i.inv_q30_to_float  ml_math_func.o
    0x0800c3e4   0x0800c3e4   0x00000024   Code   RO         3846    i.inv_q_add         ml_math_func.o
    0x0800c408   0x0800c408   0x00000042   Code   RO         3847    i.inv_q_addf        ml_math_func.o
    0x0800c44a   0x0800c44a   0x00000018   Code   RO         3848    i.inv_q_invert      ml_math_func.o
    0x0800c462   0x0800c462   0x0000002e   Code   RO         3849    i.inv_q_invertf     ml_math_func.o
    0x0800c490   0x0800c490   0x000000b2   Code   RO         3850    i.inv_q_mult        ml_math_func.o
    0x0800c542   0x0800c542   0x000000d2   Code   RO         3851    i.inv_q_multf       ml_math_func.o
    0x0800c614   0x0800c614   0x000000a8   Code   RO         3852    i.inv_q_norm4       ml_math_func.o
    0x0800c6bc   0x0800c6bc   0x00000134   Code   RO         3854    i.inv_q_normalizef  ml_math_func.o
    0x0800c7f0   0x0800c7f0   0x00000042   Code   RO         3855    i.inv_q_rotate      ml_math_func.o
    0x0800c832   0x0800c832   0x000000da   Code   RO         3857    i.inv_quaternion_to_rotation  ml_math_func.o
    0x0800c90c   0x0800c90c   0x000000f8   Code   RO         3295    i.inv_register_data_cb  data_builder.o
    0x0800ca04   0x0800ca04   0x00000090   Code   RO         4491    i.inv_register_load_store  storage_manager.o
    0x0800ca94   0x0800ca94   0x0000002c   Code   RO         4457    i.inv_register_mpl_start_notification  start_manager.o
    0x0800cac0   0x0800cac0   0x00000058   Code   RO         3296    i.inv_reset_compass_soft_iron_matrix  data_builder.o
    0x0800cb18   0x0800cb18   0x0000004e   Code   RO         3859    i.inv_row_2_scale   ml_math_func.o
    0x0800cb66   0x0800cb66   0x00000002   PAD
    0x0800cb68   0x0800cb68   0x00000024   Code   RO         3297    i.inv_set_accel_accuracy  data_builder.o
    0x0800cb8c   0x0800cb8c   0x0000000c   Code   RO         4246    i.inv_set_accel_bias_found  results_holder.o
    0x0800cb98   0x0800cb98   0x00000060   Code   RO         3300    i.inv_set_accel_bias_mask  data_builder.o
    0x0800cbf8   0x0800cbf8   0x00000018   Code   RO         3301    i.inv_set_accel_orientation_and_scale  data_builder.o
    0x0800cc10   0x0800cc10   0x0000002c   Code   RO         3302    i.inv_set_accel_sample_rate  data_builder.o
    0x0800cc3c   0x0800cc3c   0x0000004c   Code   RO         3304    i.inv_set_compass_bias  data_builder.o
    0x0800cc88   0x0800cc88   0x00000014   Code   RO         4247    i.inv_set_compass_bias_error  results_holder.o
    0x0800cc9c   0x0800cc9c   0x0000000c   Code   RO         4248    i.inv_set_compass_bias_found  results_holder.o
    0x0800cca8   0x0800cca8   0x00000024   Code   RO         4249    i.inv_set_compass_correction  results_holder.o
    0x0800cccc   0x0800cccc   0x0000000c   Code   RO         3305    i.inv_set_compass_disturbance  data_builder.o
    0x0800ccd8   0x0800ccd8   0x00000018   Code   RO         3306    i.inv_set_compass_orientation_and_scale  data_builder.o
    0x0800ccf0   0x0800ccf0   0x00000030   Code   RO         3307    i.inv_set_compass_sample_rate  data_builder.o
    0x0800cd20   0x0800cd20   0x00000054   Code   RO         3308    i.inv_set_compass_soft_iron_input_data  data_builder.o
    0x0800cd74   0x0800cd74   0x0000000c   Code   RO         4250    i.inv_set_compass_state  results_holder.o
    0x0800cd80   0x0800cd80   0x00000120   Code   RO         3311    i.inv_set_contiguous  data_builder.o
    0x0800cea0   0x0800cea0   0x00000074   Code   RO         3313    i.inv_set_gyro_bias  data_builder.o
    0x0800cf14   0x0800cf14   0x00000018   Code   RO         3314    i.inv_set_gyro_orientation_and_scale  data_builder.o
    0x0800cf2c   0x0800cf2c   0x00000028   Code   RO         3315    i.inv_set_gyro_sample_rate  data_builder.o
    0x0800cf54   0x0800cf54   0x0000001c   Code   RO         3800    i.inv_set_message   message_layer.o
    0x0800cf70   0x0800cf70   0x00000050   Code   RO         4255    i.inv_set_motion_state  results_holder.o
    0x0800cfc0   0x0800cfc0   0x00000014   Code   RO         3171    i.inv_start_eMPL_outputs  empl_outputs.o
    0x0800cfd4   0x0800cfd4   0x00000040   Code   RO         4185    i.inv_start_mpl     mpl.o
    0x0800d014   0x0800d014   0x00000018   Code   RO         4256    i.inv_start_results_holder  results_holder.o
    0x0800d02c   0x0800d02c   0x00000024   Code   RO         4257    i.inv_store_gaming_quaternion  results_holder.o
    0x0800d050   0x0800d050   0x00000064   Code   RO         3318    i.inv_unregister_data_cb  data_builder.o
    0x0800d0b4   0x0800d0b4   0x00000060   Code   RO         4458    i.inv_unregister_mpl_start_notification  start_manager.o
    0x0800d114   0x0800d114   0x00000010   Code   RO         5049    i.log               m_wm.l(log.o)
    0x0800d124   0x0800d124   0x00000074   Code   RO         2429    i.main              main.o
    0x0800d198   0x0800d198   0x00000002   Code   RO         2470    i.mget_ms           inv_mpu.o
    0x0800d19a   0x0800d19a   0x0000003e   Code   RO         3864    i.mlMatrixVectorMult  ml_math_func.o
    0x0800d1d8   0x0800d1d8   0x00000070   Code   RO         2471    i.mpu_configure_fifo  inv_mpu.o
    0x0800d248   0x0800d248   0x00000164   Code   RO         2473    i.mpu_dmp_init      inv_mpu.o
    0x0800d3ac   0x0800d3ac   0x0000004c   Code   RO         2474    i.mpu_get_accel_fsr  inv_mpu.o
    0x0800d3f8   0x0800d3f8   0x00000054   Code   RO         2476    i.mpu_get_accel_sens  inv_mpu.o
    0x0800d44c   0x0800d44c   0x00000014   Code   RO         2477    i.mpu_get_compass_fsr  inv_mpu.o
    0x0800d460   0x0800d460   0x000000d0   Code   RO         2478    i.mpu_get_compass_reg  inv_mpu.o
    0x0800d530   0x0800d530   0x00000010   Code   RO         2481    i.mpu_get_fifo_config  inv_mpu.o
    0x0800d540   0x0800d540   0x00000044   Code   RO         2482    i.mpu_get_gyro_fsr  inv_mpu.o
    0x0800d584   0x0800d584   0x00000060   Code   RO         2484    i.mpu_get_gyro_sens  inv_mpu.o
    0x0800d5e4   0x0800d5e4   0x00000050   Code   RO         2486    i.mpu_get_lpf       inv_mpu.o
    0x0800d634   0x0800d634   0x00000020   Code   RO         2488    i.mpu_get_sample_rate  inv_mpu.o
    0x0800d654   0x0800d654   0x0000009c   Code   RO         2489    i.mpu_get_temperature  inv_mpu.o
    0x0800d6f0   0x0800d6f0   0x0000012c   Code   RO         2490    i.mpu_init          inv_mpu.o
    0x0800d81c   0x0800d81c   0x000000b8   Code   RO         2491    i.mpu_load_firmware  inv_mpu.o
    0x0800d8d4   0x0800d8d4   0x0000011c   Code   RO         2492    i.mpu_lp_accel_mode  inv_mpu.o
    0x0800d9f0   0x0800d9f0   0x000000f0   Code   RO         2494    i.mpu_mpl_get_data  inv_mpu.o
    0x0800dae0   0x0800dae0   0x000000c0   Code   RO         2499    i.mpu_read_fifo_stream  inv_mpu.o
    0x0800dba0   0x0800dba0   0x00000080   Code   RO         2500    i.mpu_read_mem      inv_mpu.o
    0x0800dc20   0x0800dc20   0x000001c8   Code   RO         2503    i.mpu_reset_fifo    inv_mpu.o
    0x0800dde8   0x0800dde8   0x0000029c   Code   RO         2504    i.mpu_run_6500_self_test  inv_mpu.o
    0x0800e084   0x0800e084   0x00000084   Code   RO         2508    i.mpu_set_accel_fsr  inv_mpu.o
    0x0800e108   0x0800e108   0x0000014c   Code   RO         2509    i.mpu_set_bypass    inv_mpu.o
    0x0800e254   0x0800e254   0x00000060   Code   RO         2510    i.mpu_set_compass_sample_rate  inv_mpu.o
    0x0800e2b4   0x0800e2b4   0x00000090   Code   RO         2511    i.mpu_set_dmp_state  inv_mpu.o
    0x0800e344   0x0800e344   0x00000088   Code   RO         2513    i.mpu_set_gyro_fsr  inv_mpu.o
    0x0800e3cc   0x0800e3cc   0x0000006c   Code   RO         2514    i.mpu_set_int_latched  inv_mpu.o
    0x0800e438   0x0800e438   0x00000084   Code   RO         2516    i.mpu_set_lpf       inv_mpu.o
    0x0800e4bc   0x0800e4bc   0x000000b4   Code   RO         2517    i.mpu_set_sample_rate  inv_mpu.o
    0x0800e570   0x0800e570   0x00000168   Code   RO         2518    i.mpu_set_sensors   inv_mpu.o
    0x0800e6d8   0x0800e6d8   0x00000080   Code   RO         2519    i.mpu_write_mem     inv_mpu.o
    0x0800e758   0x0800e758   0x0000009c   Code   RO         2520    i.run_self_test     inv_mpu.o
    0x0800e7f4   0x0800e7f4   0x00000090   Code   RO         2521    i.set_int_enable    inv_mpu.o
    0x0800e884   0x0800e884   0x00000006   Code   RO         3319    i.set_sensor_orientation_and_scale  data_builder.o
    0x0800e88a   0x0800e88a   0x00000002   PAD
    0x0800e88c   0x0800e88c   0x00000254   Code   RO         2522    i.setup_compass     inv_mpu.o
    0x0800eae0   0x0800eae0   0x00000010   Code   RO         5089    i.sinf              m_wm.l(sinf.o)
    0x0800eaf0   0x0800eaf0   0x0000006e   Code   RO         5101    i.sqrt              m_wm.l(sqrt.o)
    0x0800eb5e   0x0800eb5e   0x0000003e   Code   RO         5113    i.sqrtf             m_wm.l(sqrtf.o)
    0x0800eb9c   0x0800eb9c   0x000000ac   Code   RO         2248    i.uart_init         usart.o
    0x0800ec48   0x0800ec48   0x0000002c   Code   RO         5330    locale$$code        c_w.l(lc_numeric_c.o)
    0x0800ec74   0x0800ec74   0x0000002c   Code   RO         5405    locale$$code        c_w.l(lc_ctype_c.o)
    0x0800eca0   0x0800eca0   0x00000018   Code   RO         5177    x$fpl$basic         fz_wm.l(basic.o)
    0x0800ecb8   0x0800ecb8   0x00000062   Code   RO         4847    x$fpl$d2f           fz_wm.l(d2f.o)
    0x0800ed1a   0x0800ed1a   0x00000002   PAD
    0x0800ed1c   0x0800ed1c   0x00000150   Code   RO         4849    x$fpl$dadd          fz_wm.l(daddsub_clz.o)
    0x0800ee6c   0x0800ee6c   0x00000010   Code   RO         5179    x$fpl$dcheck1       fz_wm.l(dcheck1.o)
    0x0800ee7c   0x0800ee7c   0x00000018   Code   RO         5181    x$fpl$dcmpinf       fz_wm.l(dcmpi.o)
    0x0800ee94   0x0800ee94   0x000002b0   Code   RO         4856    x$fpl$ddiv          fz_wm.l(ddiv.o)
    0x0800f144   0x0800f144   0x00000078   Code   RO         4859    x$fpl$deqf          fz_wm.l(deqf.o)
    0x0800f1bc   0x0800f1bc   0x0000005e   Code   RO         4861    x$fpl$dfix          fz_wm.l(dfix.o)
    0x0800f21a   0x0800f21a   0x0000002e   Code   RO         4866    x$fpl$dflt          fz_wm.l(dflt_clz.o)
    0x0800f248   0x0800f248   0x00000026   Code   RO         4865    x$fpl$dfltu         fz_wm.l(dflt_clz.o)
    0x0800f26e   0x0800f26e   0x00000002   PAD
    0x0800f270   0x0800f270   0x00000078   Code   RO         4871    x$fpl$dleqf         fz_wm.l(dleqf.o)
    0x0800f2e8   0x0800f2e8   0x00000154   Code   RO         4873    x$fpl$dmul          fz_wm.l(dmul.o)
    0x0800f43c   0x0800f43c   0x0000009c   Code   RO         5183    x$fpl$dnaninf       fz_wm.l(dnaninf.o)
    0x0800f4d8   0x0800f4d8   0x0000000c   Code   RO         5185    x$fpl$dretinf       fz_wm.l(dretinf.o)
    0x0800f4e4   0x0800f4e4   0x0000006c   Code   RO         4875    x$fpl$drleqf        fz_wm.l(drleqf.o)
    0x0800f550   0x0800f550   0x00000016   Code   RO         4850    x$fpl$drsb          fz_wm.l(daddsub_clz.o)
    0x0800f566   0x0800f566   0x00000002   PAD
    0x0800f568   0x0800f568   0x00000198   Code   RO         5187    x$fpl$dsqrt         fz_wm.l(dsqrt_umaal.o)
    0x0800f700   0x0800f700   0x000001d4   Code   RO         4851    x$fpl$dsub          fz_wm.l(daddsub_clz.o)
    0x0800f8d4   0x0800f8d4   0x00000056   Code   RO         4877    x$fpl$f2d           fz_wm.l(f2d.o)
    0x0800f92a   0x0800f92a   0x00000012   Code   RO         4879    x$fpl$fadd          fz_wm.l(faddsub_clz.o)
    0x0800f93c   0x0800f93c   0x0000000c   Code   RO         5189    x$fpl$fcheck1       fz_wm.l(fcheck1.o)
    0x0800f948   0x0800f948   0x00000018   Code   RO         5191    x$fpl$fcmpinf       fz_wm.l(fcmpi.o)
    0x0800f960   0x0800f960   0x00000012   Code   RO         4885    x$fpl$fdiv          fz_wm.l(fdiv.o)
    0x0800f972   0x0800f972   0x0000000e   Code   RO         4889    x$fpl$ffix          fz_wm.l(ffix.o)
    0x0800f980   0x0800f980   0x0000000e   Code   RO         4898    x$fpl$fflt          fz_wm.l(fflt_clz.o)
    0x0800f98e   0x0800f98e   0x00000060   Code   RO         4901    x$fpl$ffltll        fz_wm.l(ffltll_clz.o)
    0x0800f9ee   0x0800f9ee   0x0000000e   Code   RO         4897    x$fpl$ffltu         fz_wm.l(fflt_clz.o)
    0x0800f9fc   0x0800f9fc   0x00000030   Code   RO         4903    x$fpl$fleqf         fz_wm.l(fleqf.o)
    0x0800fa2c   0x0800fa2c   0x00000012   Code   RO         4905    x$fpl$fmul          fz_wm.l(fmul.o)
    0x0800fa3e   0x0800fa3e   0x0000008c   Code   RO         5193    x$fpl$fnaninf       fz_wm.l(fnaninf.o)
    0x0800faca   0x0800faca   0x0000000a   Code   RO         5413    x$fpl$fpinit        fz_wm.l(fpinit.o)
    0x0800fad4   0x0800fad4   0x0000000a   Code   RO         5195    x$fpl$fretinf       fz_wm.l(fretinf.o)
    0x0800fade   0x0800fade   0x00000028   Code   RO         4907    x$fpl$frleqf        fz_wm.l(frleqf.o)
    0x0800fb06   0x0800fb06   0x00000012   Code   RO         4880    x$fpl$fsub          fz_wm.l(faddsub_clz.o)
    0x0800fb18   0x0800fb18   0x00000086   Code   RO         4893    x$fpl$llsfromf      fz_wm.l(ffixll.o)
    0x0800fb9e   0x0800fb9e   0x00000004   Code   RO         4909    x$fpl$printf1       fz_wm.l(printf1.o)
    0x0800fba2   0x0800fba2   0x00000004   Code   RO         5197    x$fpl$printf2       fz_wm.l(printf2.o)
    0x0800fba6   0x0800fba6   0x00000064   Code   RO         5334    x$fpl$retnan        fz_wm.l(retnan.o)
    0x0800fc0a   0x0800fc0a   0x0000005c   Code   RO         4911    x$fpl$scalbn        fz_wm.l(scalbn.o)
    0x0800fc66   0x0800fc66   0x0000004c   Code   RO         4913    x$fpl$scalbnf       fz_wm.l(scalbnf.o)
    0x0800fcb2   0x0800fcb2   0x00000030   Code   RO         5400    x$fpl$trapveneer    fz_wm.l(trapv.o)
    0x0800fce2   0x0800fce2   0x00000000   Code   RO         5203    x$fpl$usenofp       fz_wm.l(usenofp.o)
    0x0800fce2   0x0800fce2   0x00000002   PAD
    0x0800fce4   0x0800fce4   0x00000268   Data   RO         2523    .constdata          inv_mpu.o
    0x0800ff4c   0x0800ff4c   0x00000bf6   Data   RO         2969    .constdata          inv_mpu_dmp_motion_driver.o
    0x08010b42   0x08010b42   0x0000002f   Data   RO         4186    .constdata          mpl.o
    0x08010b71   0x08010b71   0x00000028   Data   RO         4803    .constdata          c_w.l(_printf_hex_int_ll_ptr.o)
    0x08010b99   0x08010b99   0x00000011   Data   RO         4823    .constdata          c_w.l(__printf_flags_ss_wp.o)
    0x08010baa   0x08010baa   0x00000006   PAD
    0x08010bb0   0x08010bb0   0x00000038   Data   RO         5050    .constdata          m_wm.l(log.o)
    0x08010be8   0x08010be8   0x00000008   Data   RO         5147    .constdata          c_w.l(_printf_wctomb.o)
    0x08010bf0   0x08010bf0   0x00000030   Data   RO         5205    .constdata          m_wm.l(cos_i.o)
    0x08010c20   0x08010c20   0x00000008   Data   RO         5241    .constdata          m_wm.l(qnan.o)
    0x08010c28   0x08010c28   0x000000c8   Data   RO         5244    .constdata          m_wm.l(rred.o)
    0x08010cf0   0x08010cf0   0x00000020   Data   RO         5248    .constdata          m_wm.l(rredf.o)
    0x08010d10   0x08010d10   0x00000028   Data   RO         5251    .constdata          m_wm.l(sin_i.o)
    0x08010d38   0x08010d38   0x00000026   Data   RO         5288    .constdata          c_w.l(_printf_fp_hex.o)
    0x08010d5e   0x08010d5e   0x00000002   PAD
    0x08010d60   0x08010d60   0x00000094   Data   RO         5299    .constdata          c_w.l(bigflt0.o)
    0x08010df4   0x08010df4   0x00000009   Data   RO         2524    .conststring        inv_mpu.o
    0x08010dfd   0x08010dfd   0x00000003   PAD
    0x08010e00   0x08010e00   0x00000044   Data   RO         3321    .conststring        data_builder.o
    0x08010e44   0x08010e44   0x00000020   Data   RO         5484    Region$$Table       anon$$obj.o
    0x08010e64   0x08010e64   0x0000001c   Data   RO         5329    locale$$data        c_w.l(lc_numeric_c.o)
    0x08010e80   0x08010e80   0x00000110   Data   RO         5404    locale$$data        c_w.l(lc_ctype_c.o)


    Execution Region RW_IRAM1 (Exec base: 0x20000000, Load base: 0x08010f90, Size: 0x00001dc8, Max: 0x00020000, ABSOLUTE)

    Exec Addr    Load Addr    Size         Type   Attr      Idx    E Section Name        Object

    0x20000000   0x08010f90   0x00000010   Data   RW          650    .data               stm32f4xx_rcc.o
    0x20000010   0x08010fa0   0x00000004   Data   RW         2191    .data               delay.o
    0x20000014   0x08010fa4   0x00000006   Data   RW         2250    .data               usart.o
    0x2000001a   0x08010faa   0x00000002   PAD
    0x2000001c   0x08010fac   0x0000004e   Data   RW         2525    .data               inv_mpu.o
    0x2000006a   0x08010ffa   0x00000002   PAD
    0x2000006c   0x08010ffc   0x00000004   Data   RW         3801    .data               message_layer.o
    0x20000070   0x08011000   0x00000010   Data   RW         4532    .data               libmpllib.lib(compass_vec_cal.o)
    0x20000080        -       0x000000c8   Zero   RW         2249    .bss                usart.o
    0x20000148        -       0x00000010   Zero   RW         2968    .bss                inv_mpu_dmp_motion_driver.o
    0x20000158        -       0x00000028   Zero   RW         3173    .bss                empl_outputs.o
    0x20000180        -       0x000002d8   Zero   RW         3320    .bss                data_builder.o
    0x20000458        -       0x000000c4   Zero   RW         3711    .bss                hal_outputs.o
    0x2000051c        -       0x00000088   Zero   RW         4258    .bss                results_holder.o
    0x200005a4        -       0x00000054   Zero   RW         4459    .bss                start_manager.o
    0x200005f8        -       0x00000198   Zero   RW         4493    .bss                storage_manager.o
    0x20000790        -       0x00000460   Zero   RW         4531    .bss                libmpllib.lib(compass_vec_cal.o)
    0x20000bf0        -       0x000002a0   Zero   RW         4621    .bss                libmpllib.lib(fast_no_motion.o)
    0x20000e90        -       0x00000138   Zero   RW         4654    .bss                libmpllib.lib(fusion_9axis.o)
    0x20000fc8        -       0x000001c4   Zero   RW         4676    .bss                libmpllib.lib(gyro_tc.o)
    0x2000118c        -       0x000000b8   Zero   RW         4694    .bss                libmpllib.lib(mag_disturb.o)
    0x20001244        -       0x0000006c   Zero   RW         4716    .bss                libmpllib.lib(quaternion_supervisor.o)
    0x200012b0        -       0x000004b8   Zero   RW         4734    .bss                libmpllib.lib(accel_auto_cal.o)
    0x20001768        -       0x00000060   Zero   RW         5337    .bss                c_w.l(libspace.o)
    0x200017c8        -       0x00000200   Zero   RW            2    HEAP                startup_stm32f40_41xxx.o
    0x200019c8        -       0x00000400   Zero   RW            1    STACK               startup_stm32f40_41xxx.o


==============================================================================

Image component sizes


      Code (inc. data)   RO Data    RW Data    ZI Data      Debug   Object Name

      2600        286         68          0        728      26828   data_builder.o
       268         16          0          4          0       2567   delay.o
       924         48          0          0         40       7286   empl_outputs.o
        64          0          0          0          0     283756   exti.o
       112          8          0          0        196       2054   hal_outputs.o
     11406       1554        625         78          0      45244   inv_mpu.o
      3128        138       3062          0         16      21454   inv_mpu_dmp_motion_driver.o
        68          8          0          0          0        547   key.o
        96          8          0          0          0        555   led.o
       202         10          0          0          0       1158   log_stm32.o
       168         22          0          0          0       2092   main.o
        28          4          0          4          0       1234   message_layer.o
       180         24          0          0          0       2197   misc.o
      1878         24          0          0          0      14369   ml_math_func.o
       428         10          0          0          0       1054   motion.o
       248         76         47          0          0       2576   mpl.o
       692          0          0          0          0       6715   mpu9250.o
       680        102          0          0          0       4626   mpuiic.o
       824        128          0          0        136      15937   results_holder.o
       204         20          0          0         84       3364   start_manager.o
        64         26        392          0       1536        888   startup_stm32f40_41xxx.o
        12          6          0          0          0        569   stm32f4xx_exti.o
       218          0          0          0          0       2446   stm32f4xx_gpio.o
        26          0          0          0          0       4142   stm32f4xx_it.o
       328         36          0         16          0       4779   stm32f4xx_rcc.o
       836         66          0          0          0       8092   stm32f4xx_tim.o
       404          8          0          0          0       4446   stm32f4xx_usart.o
       168         10          0          0        408       2485   storage_manager.o
       340         32          0          0          0       1497   system_stm32f4xx.o
       340         28          0          6        200       4296   usart.o

    ----------------------------------------------------------------------
     26966       2698       4229        112       3344     479253   Object Totals
         0          0         32          0          0          0   (incl. Generated)
        32          0          3          4          0          0   (incl. Padding)

    ----------------------------------------------------------------------

      Code (inc. data)   RO Data    RW Data    ZI Data      Debug   Library Member Name

        24          4          0          0          0         84   __2printf.o
         8          0          0          0          0         68   __main.o
       392          4         17          0          0         92   __printf_flags_ss_wp.o
        14          0          0          0          0         68   __printf_wp.o
         0          0          0          0          0          0   __rtentry.o
        12          0          0          0          0          0   __rtentry2.o
         6          0          0          0          0          0   __rtentry4.o
        52          8          0          0          0          0   __scatter.o
        26          0          0          0          0          0   __scatter_copy.o
        28          0          0          0          0          0   __scatter_zi.o
         6          0          0          0          0          0   _printf_a.o
         6          0          0          0          0          0   _printf_c.o
        44          0          0          0          0        108   _printf_char.o
        48          6          0          0          0         96   _printf_char_common.o
        36          4          0          0          0         80   _printf_char_file.o
        40          0          0          0          0         68   _printf_charcount.o
         6          0          0          0          0          0   _printf_d.o
       120         16          0          0          0         92   _printf_dec.o
         6          0          0          0          0          0   _printf_e.o
         6          0          0          0          0          0   _printf_f.o
      1054          0          0          0          0        216   _printf_fp_dec.o
       764          8         38          0          0        100   _printf_fp_hex.o
       128         16          0          0          0         84   _printf_fp_infnan.o
         6          0          0          0          0          0   _printf_g.o
       148          4         40          0          0        160   _printf_hex_int_ll_ptr.o
         6          0          0          0          0          0   _printf_i.o
       178          0          0          0          0         88   _printf_intcommon.o
        10          0          0          0          0          0   _printf_l.o
         6          0          0          0          0          0   _printf_lc.o
        10          0          0          0          0          0   _printf_ll.o
         6          0          0          0          0          0   _printf_lld.o
         6          0          0          0          0          0   _printf_lli.o
         6          0          0          0          0          0   _printf_llo.o
         6          0          0          0          0          0   _printf_llu.o
         6          0          0          0          0          0   _printf_llx.o
       124         16          0          0          0         92   _printf_longlong_dec.o
         6          0          0          0          0          0   _printf_ls.o
         6          0          0          0          0          0   _printf_n.o
         6          0          0          0          0          0   _printf_o.o
       112         10          0          0          0        124   _printf_oct_int_ll.o
         6          0          0          0          0          0   _printf_p.o
        78          0          0          0          0        108   _printf_pad.o
         0          0          0          0          0          0   _printf_percent.o
         4          0          0          0          0          0   _printf_percent_end.o
         6          0          0          0          0          0   _printf_s.o
        82          0          0          0          0         80   _printf_str.o
        36          0          0          0          0         84   _printf_truncate.o
         6          0          0          0          0          0   _printf_u.o
        44          0          0          0          0        108   _printf_wchar.o
       188          6          8          0          0         92   _printf_wctomb.o
         6          0          0          0          0          0   _printf_x.o
        22          0          0          0          0        100   _rserrno.o
        10          0          0          0          0         68   _sputc.o
        64          0          0          0          0         92   _wcrtomb.o
        16          0          0          0          0         68   aeabi_memset.o
       228          4        148          0          0         96   bigflt0.o
      1936        128          0          0          0        672   btod.o
        18          0          0          0          0         80   exit.o
         8          0          0          0          0         68   ferror.o
         6          0          0          0          0        152   heapauxi.o
        44         10        272          0          0         76   lc_ctype_c.o
        44         10         28          0          0         76   lc_numeric_c.o
         2          0          0          0          0          0   libinit.o
        34          0          0          0          0          0   libinit2.o
         2          0          0          0          0          0   libshutdown.o
         2          0          0          0          0          0   libshutdown2.o
         8          4          0          0         96         68   libspace.o
        72          0          0          0          0         76   llsdiv.o
        38          0          0          0          0         68   llshl.o
        38          0          0          0          0         68   llsshr.o
       138          0          0          0          0         80   lludiv10.o
       238          0          0          0          0        100   lludivv7m.o
        88          0          0          0          0         76   memcmp.o
        16          4          0          0          0         76   rt_ctype_table.o
         8          4          0          0          0         68   rt_errno_addr_intlibspace.o
         8          4          0          0          0         68   rt_locale_intlibspace.o
        68          0          0          0          0         68   rt_memclr.o
        78          0          0          0          0         80   rt_memclr_w.o
       138          0          0          0          0         68   rt_memcpy_v6.o
       100          0          0          0          0         80   rt_memcpy_w.o
       122          0          0          0          0         80   rt_memmove_w.o
         2          0          0          0          0          0   rtexit.o
        10          0          0          0          0          0   rtexit2.o
       128          0          0          0          0         68   strcmpv7m.o
        74          0          0          0          0         80   sys_stackheap_outer.o
         2          0          0          0          0         68   use_no_semi.o
         2          0          0          0          0         68   use_no_semi_2.o
        36          4          0          0          0         76   vsprintf.o
        24          0          0          0          0        164   basic.o
        98          4          0          0          0        140   d2f.o
       826         16          0          0          0        492   daddsub_clz.o
        16          4          0          0          0        116   dcheck1.o
        24          0          0          0          0        116   dcmpi.o
       688        140          0          0          0        256   ddiv.o
       120          4          0          0          0        140   deqf.o
        94          4          0          0          0        140   dfix.o
        84          0          0          0          0        232   dflt_clz.o
       120          4          0          0          0        140   dleqf.o
       340         12          0          0          0        152   dmul.o
       156          4          0          0          0        140   dnaninf.o
        12          0          0          0          0        116   dretinf.o
       108          0          0          0          0        128   drleqf.o
       408         56          0          0          0        168   dsqrt_umaal.o
        86          4          0          0          0        132   f2d.o
        36          0          0          0          0        232   faddsub_clz.o
        12          4          0          0          0        116   fcheck1.o
        24          0          0          0          0        116   fcmpi.o
        18          0          0          0          0        116   fdiv.o
        14          0          0          0          0        116   ffix.o
       134          4          0          0          0        132   ffixll.o
        28          0          0          0          0        232   fflt_clz.o
        96          0          0          0          0        132   ffltll_clz.o
        48          4          0          0          0        132   fleqf.o
        18          0          0          0          0        116   fmul.o
       140          4          0          0          0        132   fnaninf.o
        10          0          0          0          0        116   fpinit.o
        10          0          0          0          0        116   fretinf.o
        40          0          0          0          0        116   frleqf.o
         4          0          0          0          0        116   printf1.o
         4          0          0          0          0        116   printf2.o
       100          0          0          0          0        116   retnan.o
        92          0          0          0          0        116   scalbn.o
        76          0          0          0          0        116   scalbnf.o
        48          0          0          0          0        116   trapv.o
         0          0          0          0          0          0   usenofp.o
      2796        150          0          0       1208       9108   accel_auto_cal.o
      7772        154          0         16       1120      19264   compass_vec_cal.o
      2548         42          0          0        672      13408   fast_no_motion.o
      1628         54          0          0        312       5308   fusion_9axis.o
      1212         30          0          0        452       5515   gyro_tc.o
      1360         46          0          0        184       7270   mag_disturb.o
      2368        102          0          0        108       5409   quaternion_supervisor.o
       296         46          0          0          0        300   acosf.o
       592         90          0          0          0        184   atan2f.o
       216         20          0          0          0        288   cos.o
       368         46         48          0          0        200   cos_i.o
       352         56          0          0          0        260   cosf.o
       132         36          0          0          0        496   dunder.o
        44          0          0          0          0        248   fabs.o
        48          0          0          0          0        124   fpclassify.o
        38          0          0          0          0        116   fpclassifyf.o
        44         12          0          0          0        464   funder.o
       980         92         56          0          0        440   log.o
       248          0          0          0          0        152   poly.o
         0          0          8          0          0          0   qnan.o
      1080        142        200          0          0        188   rred.o
       340         24         32          0          0        160   rredf.o
       304         24         40          0          0        208   sin_i.o
       416         56          0          0          0        336   sinf.o
       110          0          0          0          0        148   sqrt.o
       120          0          0          0          0        272   sqrtf.o

    ----------------------------------------------------------------------
     37382       1764        943         16       4152      80378   Library Totals
        36          0          8          0          0          0   (incl. Padding)

    ----------------------------------------------------------------------

      Code (inc. data)   RO Data    RW Data    ZI Data      Debug   Library Name

      7778        274        551          0         96       5124   c_w.l
      4156        268          0          0          0       5388   fz_wm.l
     19684        578          0         16       4056      65282   libmpllib.lib
      5728        644        384          0          0       4584   m_wm.l

    ----------------------------------------------------------------------
     37382       1764        943         16       4152      80378   Library Totals

    ----------------------------------------------------------------------

==============================================================================


      Code (inc. data)   RO Data    RW Data    ZI Data      Debug   

     64348       4462       5172        128       7496     526731   Grand Totals
     64348       4462       5172        128       7496     526731   ELF Image Totals
     64348       4462       5172        128          0          0   ROM Totals

==============================================================================

    Total RO  Size (Code + RO Data)                69520 (  67.89kB)
    Total RW  Size (RW Data + ZI Data)              7624 (   7.45kB)
    Total ROM Size (Code + RO Data + RW Data)      69648 (  68.02kB)

==============================================================================

